<html>
<body>
<pre>
<h1>µVision Build Log</h1>
<h2>Tool Versions:</h2>
IDE-Version: ¦ÌVision V5.28.0.0
Copyright (C) 2019 ARM Ltd and ARM Germany GmbH. All rights reserved.
License Information: Chen Vanilla, HDU, LIC=UJWP0-BCIKM-9U74U-SDK9N-9TM5B-483EK
 
Tool Versions:
Toolchain:       MDK-ARM Plus  Version: 5.28.0.0
Toolchain Path:  D:\Program Files\Keil_v5\ARM\ARMCLANG\Bin
C Compiler:      ArmClang.exe V6.12
Assembler:       Armasm.exe V6.12
Linker/Locator:  ArmLink.exe V6.12
Library Manager: ArmAr.exe V6.12
Hex Converter:   FromElf.exe V6.12
CPU DLL:         SARMCM3.DLL V5.28.0.0
Dialog DLL:      DCM.DLL V1.17.3.0
Target DLL:      CMSIS_AGDI.dll V1.31.18.0
Dialog DLL:      TCM.DLL V1.36.2.0
 
<h2>Project:</h2>
D:\Desktop\Project\GaN\MDK\GaN_MDK\MDK-ARM\GaN_Test.uvprojx
Project File Date:  04/10/2024

<h2>Output:</h2>
*** Using Compiler 'V6.12', folder: 'D:\Program Files\Keil_v5\ARM\ARMCLANG\Bin'
Build target 'GaN_Test'
../Core/Src/stm32g4xx_it.c(21): warning: In file included from...
../Core/Inc\main.h(35): warning: extra tokens at end of #include directive [-Wextra-tokens]
#include "mos_table.h"s
                      ^
                      //
1 warning generated.
compiling stm32g4xx_it.c...
linking...
Program Size: Code=16268 RO-data=596 RW-data=6012 ZI-data=2252  
FromELF: creating hex file...
"GaN_Test\GaN_Test.axf" - 0 Error(s), 1 Warning(s).

<h2>Software Packages used:</h2>

Package Vendor: ARM
                http://www.keil.com/pack/ARM.CMSIS.5.9.0.pack
                ARM.CMSIS.5.9.0
                CMSIS (Common Microcontroller Software Interface Standard)
   * Component: CORE Version: 5.6.0

Package Vendor: Keil
                https://www.keil.com/pack/Keil.STM32G4xx_DFP.1.5.0.pack
                Keil.STM32G4xx_DFP.1.5.0
                STMicroelectronics STM32G4 Series Device Support, Drivers and Examples

<h2>Collection of Component include folders:</h2>
  .\RTE\_GaN_Test
  D:\Program Files\Arm\Packs\ARM\CMSIS\5.9.0\CMSIS\Core\Include
  D:\Program Files\Arm\Packs\Keil\STM32G4xx_DFP\1.5.0\Drivers\CMSIS\Device\ST\STM32G4xx\Include

<h2>Collection of Component Files used:</h2>

   * Component: ARM::CMSIS:CORE:5.6.0
      Include file:  CMSIS\Core\Include\tz_context.h
Build Time Elapsed:  00:00:01
</pre>
</body>
</html>
