Component: ARM Compiler 6.12 Tool: armlink [5d624300]

==============================================================================

Section Cross References

    startup_stm32g474xx.o(STACK) refers (Special) to heapauxi.o(.text) for __use_two_region_memory
    startup_stm32g474xx.o(HEAP) refers (Special) to heapauxi.o(.text) for __use_two_region_memory
    startup_stm32g474xx.o(RESET) refers (Special) to heapauxi.o(.text) for __use_two_region_memory
    startup_stm32g474xx.o(RESET) refers to startup_stm32g474xx.o(STACK) for __initial_sp
    startup_stm32g474xx.o(RESET) refers to startup_stm32g474xx.o(.text) for Reset_Handler
    startup_stm32g474xx.o(RESET) refers to stm32g4xx_it.o(.text.DMA1_Channel1_IRQHandler) for DMA1_Channel1_IRQHandler
    startup_stm32g474xx.o(RESET) refers to stm32g4xx_it.o(.text.HRTIM1_Master_IRQHandler) for HRTIM1_Master_IRQHandler
    startup_stm32g474xx.o(.text) refers (Special) to heapauxi.o(.text) for __use_two_region_memory
    startup_stm32g474xx.o(.text) refers to system_stm32g4xx.o(.text.SystemInit) for SystemInit
    startup_stm32g474xx.o(.text) refers to __main.o(!!!main) for __main
    startup_stm32g474xx.o(.text) refers to startup_stm32g474xx.o(HEAP) for Heap_Mem
    startup_stm32g474xx.o(.text) refers to startup_stm32g474xx.o(STACK) for Stack_Mem
    main.o(.text.main) refers to stm32g4xx_hal.o(.text.HAL_Init) for HAL_Init
    main.o(.text.main) refers to stm32g4xx_hal_pwr_ex.o(.text.HAL_PWREx_ControlVoltageScaling) for HAL_PWREx_ControlVoltageScaling
    main.o(.text.main) refers to stm32g4xx_hal_rcc.o(.text.HAL_RCC_OscConfig) for HAL_RCC_OscConfig
    main.o(.text.main) refers to stm32g4xx_hal_rcc.o(.text.HAL_RCC_ClockConfig) for HAL_RCC_ClockConfig
    main.o(.text.main) refers to gpio.o(.text.MX_GPIO_Init) for MX_GPIO_Init
    main.o(.text.main) refers to dma.o(.text.MX_DMA_Init) for MX_DMA_Init
    main.o(.text.main) refers to hrtim.o(.text.MX_HRTIM1_Init) for MX_HRTIM1_Init
    main.o(.text.main) refers to adc.o(.text.MX_ADC1_Init) for MX_ADC1_Init
    main.o(.text.main) refers to usart.o(.text.MX_USART1_UART_Init) for MX_USART1_UART_Init
    main.o(.text.main) refers to hrtim.o(.bss.hhrtim1) for hhrtim1
    main.o(.text.main) refers to stm32g4xx_hal_hrtim.o(.text.HAL_HRTIM_WaveformOutputStart) for HAL_HRTIM_WaveformOutputStart
    main.o(.text.main) refers to stm32g4xx_hal_hrtim.o(.text.HAL_HRTIM_WaveformCountStart) for HAL_HRTIM_WaveformCountStart
    main.o(.text.main) refers to stm32g4xx_hal_hrtim.o(.text.HAL_HRTIM_WaveformCountStart_IT) for HAL_HRTIM_WaveformCountStart_IT
    main.o(.text.main) refers to adc.o(.bss.hadc1) for hadc1
    main.o(.text.main) refers to main.o(.bss.adc1_val_buf) for adc1_val_buf
    main.o(.text.main) refers to stm32g4xx_hal_adc.o(.text.HAL_ADC_Start_DMA) for HAL_ADC_Start_DMA
    main.o(.text.main) refers to adc.o(.bss.hdma_adc1) for hdma_adc1
    main.o(.ARM.exidx.text.main) refers to main.o(.text.main) for [Anonymous Symbol]
    main.o(.text.SystemClock_Config) refers to stm32g4xx_hal_pwr_ex.o(.text.HAL_PWREx_ControlVoltageScaling) for HAL_PWREx_ControlVoltageScaling
    main.o(.text.SystemClock_Config) refers to stm32g4xx_hal_rcc.o(.text.HAL_RCC_OscConfig) for HAL_RCC_OscConfig
    main.o(.text.SystemClock_Config) refers to stm32g4xx_hal_rcc.o(.text.HAL_RCC_ClockConfig) for HAL_RCC_ClockConfig
    main.o(.ARM.exidx.text.SystemClock_Config) refers to main.o(.text.SystemClock_Config) for [Anonymous Symbol]
    main.o(.ARM.exidx.text.Error_Handler) refers to main.o(.text.Error_Handler) for [Anonymous Symbol]
    gpio.o(.text.MX_GPIO_Init) refers to stm32g4xx_hal_gpio.o(.text.HAL_GPIO_WritePin) for HAL_GPIO_WritePin
    gpio.o(.text.MX_GPIO_Init) refers to stm32g4xx_hal_gpio.o(.text.HAL_GPIO_Init) for HAL_GPIO_Init
    gpio.o(.ARM.exidx.text.MX_GPIO_Init) refers to gpio.o(.text.MX_GPIO_Init) for [Anonymous Symbol]
    adc.o(.text.MX_ADC1_Init) refers to adc.o(.bss.hadc1) for hadc1
    adc.o(.text.MX_ADC1_Init) refers to stm32g4xx_hal_adc.o(.text.HAL_ADC_Init) for HAL_ADC_Init
    adc.o(.text.MX_ADC1_Init) refers to main.o(.text.Error_Handler) for Error_Handler
    adc.o(.text.MX_ADC1_Init) refers to stm32g4xx_hal_adc_ex.o(.text.HAL_ADCEx_MultiModeConfigChannel) for HAL_ADCEx_MultiModeConfigChannel
    adc.o(.text.MX_ADC1_Init) refers to stm32g4xx_hal_adc.o(.text.HAL_ADC_ConfigChannel) for HAL_ADC_ConfigChannel
    adc.o(.ARM.exidx.text.MX_ADC1_Init) refers to adc.o(.text.MX_ADC1_Init) for [Anonymous Symbol]
    adc.o(.text.HAL_ADC_MspInit) refers to rt_memclr_w.o(.text) for __aeabi_memclr4
    adc.o(.text.HAL_ADC_MspInit) refers to stm32g4xx_hal_rcc_ex.o(.text.HAL_RCCEx_PeriphCLKConfig) for HAL_RCCEx_PeriphCLKConfig
    adc.o(.text.HAL_ADC_MspInit) refers to main.o(.text.Error_Handler) for Error_Handler
    adc.o(.text.HAL_ADC_MspInit) refers to stm32g4xx_hal_gpio.o(.text.HAL_GPIO_Init) for HAL_GPIO_Init
    adc.o(.text.HAL_ADC_MspInit) refers to adc.o(.bss.hdma_adc1) for hdma_adc1
[...]
    Removing stm32g4xx_hal_uart.o(.text.UART_DMATxAbortCallback), (72 bytes).
    Removing stm32g4xx_hal_uart.o(.ARM.exidx.text.UART_DMATxAbortCallback), (8 bytes).
    Removing stm32g4xx_hal_uart.o(.text.UART_DMARxAbortCallback), (62 bytes).
    Removing stm32g4xx_hal_uart.o(.ARM.exidx.text.UART_DMARxAbortCallback), (8 bytes).
    Removing stm32g4xx_hal_uart.o(.text.HAL_UART_AbortCpltCallback), (2 bytes).
    Removing stm32g4xx_hal_uart.o(.ARM.exidx.text.HAL_UART_AbortCpltCallback), (8 bytes).
    Removing stm32g4xx_hal_uart.o(.text.HAL_UART_AbortTransmit_IT), (334 bytes).
    Removing stm32g4xx_hal_uart.o(.ARM.exidx.text.HAL_UART_AbortTransmit_IT), (8 bytes).
    Removing stm32g4xx_hal_uart.o(.text.UART_DMATxOnlyAbortCallback), (36 bytes).
    Removing stm32g4xx_hal_uart.o(.ARM.exidx.text.UART_DMATxOnlyAbortCallback), (8 bytes).
    Removing stm32g4xx_hal_uart.o(.text.HAL_UART_AbortTransmitCpltCallback), (2 bytes).
    Removing stm32g4xx_hal_uart.o(.ARM.exidx.text.HAL_UART_AbortTransmitCpltCallback), (8 bytes).
    Removing stm32g4xx_hal_uart.o(.text.HAL_UART_AbortReceive_IT), (418 bytes).
    Removing stm32g4xx_hal_uart.o(.ARM.exidx.text.HAL_UART_AbortReceive_IT), (8 bytes).
    Removing stm32g4xx_hal_uart.o(.text.UART_DMARxOnlyAbortCallback), (34 bytes).
    Removing stm32g4xx_hal_uart.o(.ARM.exidx.text.UART_DMARxOnlyAbortCallback), (8 bytes).
    Removing stm32g4xx_hal_uart.o(.text.HAL_UART_AbortReceiveCpltCallback), (2 bytes).
    Removing stm32g4xx_hal_uart.o(.ARM.exidx.text.HAL_UART_AbortReceiveCpltCallback), (8 bytes).
    Removing stm32g4xx_hal_uart.o(.text.HAL_UART_IRQHandler), (1562 bytes).
    Removing stm32g4xx_hal_uart.o(.ARM.exidx.text.HAL_UART_IRQHandler), (8 bytes).
    Removing stm32g4xx_hal_uart.o(.text.UART_DMAAbortOnError), (16 bytes).
    Removing stm32g4xx_hal_uart.o(.ARM.exidx.text.UART_DMAAbortOnError), (8 bytes).
    Removing stm32g4xx_hal_uart.o(.ARM.exidx.text.HAL_UART_ErrorCallback), (8 bytes).
    Removing stm32g4xx_hal_uart.o(.text.HAL_UARTEx_RxEventCallback), (2 bytes).
    Removing stm32g4xx_hal_uart.o(.ARM.exidx.text.HAL_UARTEx_RxEventCallback), (8 bytes).
    Removing stm32g4xx_hal_uart.o(.ARM.exidx.text.HAL_UART_TxCpltCallback), (8 bytes).
    Removing stm32g4xx_hal_uart.o(.ARM.exidx.text.HAL_UART_TxHalfCpltCallback), (8 bytes).
    Removing stm32g4xx_hal_uart.o(.text.HAL_UART_RxCpltCallback), (2 bytes).
    Removing stm32g4xx_hal_uart.o(.ARM.exidx.text.HAL_UART_RxCpltCallback), (8 bytes).
    Removing stm32g4xx_hal_uart.o(.text.HAL_UART_RxHalfCpltCallback), (2 bytes).
    Removing stm32g4xx_hal_uart.o(.ARM.exidx.text.HAL_UART_RxHalfCpltCallback), (8 bytes).
    Removing stm32g4xx_hal_uart.o(.text.HAL_UART_ReceiverTimeout_Config), (28 bytes).
    Removing stm32g4xx_hal_uart.o(.ARM.exidx.text.HAL_UART_ReceiverTimeout_Config), (8 bytes).
    Removing stm32g4xx_hal_uart.o(.text.HAL_UART_EnableReceiverTimeout), (72 bytes).
    Removing stm32g4xx_hal_uart.o(.ARM.exidx.text.HAL_UART_EnableReceiverTimeout), (8 bytes).
    Removing stm32g4xx_hal_uart.o(.text.HAL_UART_DisableReceiverTimeout), (72 bytes).
    Removing stm32g4xx_hal_uart.o(.ARM.exidx.text.HAL_UART_DisableReceiverTimeout), (8 bytes).
    Removing stm32g4xx_hal_uart.o(.text.HAL_MultiProcessor_EnableMuteMode), (212 bytes).
    Removing stm32g4xx_hal_uart.o(.ARM.exidx.text.HAL_MultiProcessor_EnableMuteMode), (8 bytes).
    Removing stm32g4xx_hal_uart.o(.text.HAL_MultiProcessor_DisableMuteMode), (212 bytes).
    Removing stm32g4xx_hal_uart.o(.ARM.exidx.text.HAL_MultiProcessor_DisableMuteMode), (8 bytes).
    Removing stm32g4xx_hal_uart.o(.text.HAL_MultiProcessor_EnterMuteMode), (12 bytes).
    Removing stm32g4xx_hal_uart.o(.ARM.exidx.text.HAL_MultiProcessor_EnterMuteMode), (8 bytes).
    Removing stm32g4xx_hal_uart.o(.text.HAL_HalfDuplex_EnableTransmitter), (194 bytes).
    Removing stm32g4xx_hal_uart.o(.ARM.exidx.text.HAL_HalfDuplex_EnableTransmitter), (8 bytes).
    Removing stm32g4xx_hal_uart.o(.text.HAL_HalfDuplex_EnableReceiver), (194 bytes).
    Removing stm32g4xx_hal_uart.o(.ARM.exidx.text.HAL_HalfDuplex_EnableReceiver), (8 bytes).
    Removing stm32g4xx_hal_uart.o(.text.HAL_LIN_SendBreak), (46 bytes).
    Removing stm32g4xx_hal_uart.o(.ARM.exidx.text.HAL_LIN_SendBreak), (8 bytes).
    Removing stm32g4xx_hal_uart.o(.text.HAL_UART_GetState), (12 bytes).
    Removing stm32g4xx_hal_uart.o(.ARM.exidx.text.HAL_UART_GetState), (8 bytes).
    Removing stm32g4xx_hal_uart.o(.text.HAL_UART_GetError), (6 bytes).
    Removing stm32g4xx_hal_uart.o(.ARM.exidx.text.HAL_UART_GetError), (8 bytes).
    Removing stm32g4xx_hal_uart.o(.text.UART_RxISR_16BIT_FIFOEN), (734 bytes).
    Removing stm32g4xx_hal_uart.o(.ARM.exidx.text.UART_RxISR_16BIT_FIFOEN), (8 bytes).
    Removing stm32g4xx_hal_uart.o(.text.UART_RxISR_8BIT_FIFOEN), (738 bytes).
    Removing stm32g4xx_hal_uart.o(.ARM.exidx.text.UART_RxISR_8BIT_FIFOEN), (8 bytes).
    Removing stm32g4xx_hal_uart.o(.text.UART_RxISR_16BIT), (328 bytes).
    Removing stm32g4xx_hal_uart.o(.ARM.exidx.text.UART_RxISR_16BIT), (8 bytes).
    Removing stm32g4xx_hal_uart.o(.text.UART_RxISR_8BIT), (328 bytes).
    Removing stm32g4xx_hal_uart.o(.ARM.exidx.text.UART_RxISR_8BIT), (8 bytes).
    Removing stm32g4xx_hal_uart.o(.text.UART_DMAReceiveCplt), (352 bytes).
    Removing stm32g4xx_hal_uart.o(.ARM.exidx.text.UART_DMAReceiveCplt), (8 bytes).
    Removing stm32g4xx_hal_uart.o(.text.UART_DMARxHalfCplt), (22 bytes).
    Removing stm32g4xx_hal_uart.o(.ARM.exidx.text.UART_DMARxHalfCplt), (8 bytes).
    Removing stm32g4xx_hal_uart_ex.o(.text), (0 bytes).
    Removing stm32g4xx_hal_uart_ex.o(.text.HAL_RS485Ex_Init), (130 bytes).
    Removing stm32g4xx_hal_uart_ex.o(.ARM.exidx.text.HAL_RS485Ex_Init), (8 bytes).
    Removing stm32g4xx_hal_uart_ex.o(.text.HAL_UARTEx_WakeupCallback), (2 bytes).
    Removing stm32g4xx_hal_uart_ex.o(.ARM.exidx.text.HAL_UARTEx_WakeupCallback), (8 bytes).
    Removing stm32g4xx_hal_uart_ex.o(.text.HAL_UARTEx_RxFifoFullCallback), (2 bytes).
    Removing stm32g4xx_hal_uart_ex.o(.ARM.exidx.text.HAL_UARTEx_RxFifoFullCallback), (8 bytes).
    Removing stm32g4xx_hal_uart_ex.o(.text.HAL_UARTEx_TxFifoEmptyCallback), (2 bytes).
    Removing stm32g4xx_hal_uart_ex.o(.ARM.exidx.text.HAL_UARTEx_TxFifoEmptyCallback), (8 bytes).
    Removing stm32g4xx_hal_uart_ex.o(.text.HAL_MultiProcessorEx_AddressLength_Set), (46 bytes).
    Removing stm32g4xx_hal_uart_ex.o(.ARM.exidx.text.HAL_MultiProcessorEx_AddressLength_Set), (8 bytes).
    Removing stm32g4xx_hal_uart_ex.o(.text.HAL_UARTEx_StopModeWakeUpSourceConfig), (146 bytes).
    Removing stm32g4xx_hal_uart_ex.o(.ARM.exidx.text.HAL_UARTEx_StopModeWakeUpSourceConfig), (8 bytes).
    Removing stm32g4xx_hal_uart_ex.o(.text.HAL_UARTEx_EnableStopMode), (104 bytes).
    Removing stm32g4xx_hal_uart_ex.o(.ARM.exidx.text.HAL_UARTEx_EnableStopMode), (8 bytes).
    Removing stm32g4xx_hal_uart_ex.o(.text.HAL_UARTEx_DisableStopMode), (104 bytes).
    Removing stm32g4xx_hal_uart_ex.o(.ARM.exidx.text.HAL_UARTEx_DisableStopMode), (8 bytes).
    Removing stm32g4xx_hal_uart_ex.o(.text.HAL_UARTEx_EnableFifoMode), (128 bytes).
    Removing stm32g4xx_hal_uart_ex.o(.ARM.exidx.text.HAL_UARTEx_EnableFifoMode), (8 bytes).
    Removing stm32g4xx_hal_uart_ex.o(.ARM.exidx.text.HAL_UARTEx_DisableFifoMode), (8 bytes).
    Removing stm32g4xx_hal_uart_ex.o(.ARM.exidx.text.HAL_UARTEx_SetTxFifoThreshold), (8 bytes).
    Removing stm32g4xx_hal_uart_ex.o(.ARM.exidx.text.HAL_UARTEx_SetRxFifoThreshold), (8 bytes).
    Removing stm32g4xx_hal_uart_ex.o(.text.HAL_UARTEx_ReceiveToIdle), (472 bytes).
    Removing stm32g4xx_hal_uart_ex.o(.ARM.exidx.text.HAL_UARTEx_ReceiveToIdle), (8 bytes).
    Removing stm32g4xx_hal_uart_ex.o(.text.HAL_UARTEx_ReceiveToIdle_IT), (192 bytes).
    Removing stm32g4xx_hal_uart_ex.o(.ARM.exidx.text.HAL_UARTEx_ReceiveToIdle_IT), (8 bytes).
    Removing stm32g4xx_hal_uart_ex.o(.text.HAL_UARTEx_ReceiveToIdle_DMA), (192 bytes).
    Removing stm32g4xx_hal_uart_ex.o(.ARM.exidx.text.HAL_UARTEx_ReceiveToIdle_DMA), (8 bytes).
    Removing mos_table.o(.text), (0 bytes).
    Removing mos_table.o(.data.FT_TABLE), (2000 bytes).
    Removing mos_table.o(.data.FB_TABLE), (2000 bytes).
    Removing mos_table.o(.data.SL_TABLE), (2000 bytes).

943 unused section(s) (total 65511 bytes) removed from the image.

==============================================================================

Image Symbol Table

    Local Symbols

    Symbol Name                              Value     Ov Type        Size  Object(Section)

    ../clib/angel/boardlib.s                 0x00000000   Number         0  boardinit1.o ABSOLUTE
    ../clib/angel/boardlib.s                 0x00000000   Number         0  boardinit2.o ABSOLUTE
    ../clib/angel/boardlib.s                 0x00000000   Number         0  boardinit3.o ABSOLUTE
    ../clib/angel/boardlib.s                 0x00000000   Number         0  boardshut.o ABSOLUTE
    ../clib/angel/dclz77c.s                  0x00000000   Number         0  __dclz77c.o ABSOLUTE
    ../clib/angel/handlers.s                 0x00000000   Number         0  __scatter_zi.o ABSOLUTE
    ../clib/angel/kernel.s                   0x00000000   Number         0  __rtentry.o ABSOLUTE
    ../clib/angel/kernel.s                   0x00000000   Number         0  __rtentry2.o ABSOLUTE
    ../clib/angel/kernel.s                   0x00000000   Number         0  __rtentry4.o ABSOLUTE
    ../clib/angel/kernel.s                   0x00000000   Number         0  rtexit.o ABSOLUTE
    ../clib/angel/kernel.s                   0x00000000   Number         0  rtexit2.o ABSOLUTE
    ../clib/angel/rt.s                       0x00000000   Number         0  aeabi_ldiv0.o ABSOLUTE
    ../clib/angel/rt.s                       0x00000000   Number         0  aeabi_ldiv0_sigfpe.o ABSOLUTE
    ../clib/angel/rt.s                       0x00000000   Number         0  rt_div0.o ABSOLUTE
    ../clib/angel/rt.s                       0x00000000   Number         0  rt_raise.o ABSOLUTE
    ../clib/angel/scatter.s                  0x00000000   Number         0  __scatter.o ABSOLUTE
    ../clib/angel/startup.s                  0x00000000   Number         0  __main.o ABSOLUTE
    ../clib/angel/sys.s                      0x00000000   Number         0  sys_stackheap_outer.o ABSOLUTE
    ../clib/angel/sys.s                      0x00000000   Number         0  libspace.o ABSOLUTE
    ../clib/angel/sys.s                      0x00000000   Number         0  use_no_semi.o ABSOLUTE
    ../clib/angel/sys.s                      0x00000000   Number         0  indicate_semi.o ABSOLUTE
    ../clib/angel/sysapp.c                   0x00000000   Number         0  sys_exit.o ABSOLUTE
    ../clib/angel/sysapp.c                   0x00000000   Number         0  sys_exit_hlt.o ABSOLUTE
    ../clib/angel/sysapp.c                   0x00000000   Number         0  sys_wrch.o ABSOLUTE
    ../clib/angel/sysapp.c                   0x00000000   Number         0  sys_wrch_hlt.o ABSOLUTE
    ../clib/angel/sysapp.c                   0x00000000   Number         0  sys_command.o ABSOLUTE
    ../clib/angel/sysapp.c                   0x00000000   Number         0  sys_command_hlt.o ABSOLUTE
    ../clib/armsys.c                         0x00000000   Number         0  argv_veneer.o ABSOLUTE
    ../clib/armsys.c                         0x00000000   Number         0  argv_veneer.o ABSOLUTE
    ../clib/armsys.c                         0x00000000   Number         0  _get_argv_nomalloc.o ABSOLUTE
    ../clib/armsys.c                         0x00000000   Number         0  no_argv.o ABSOLUTE
    ../clib/heapalloc.c                      0x00000000   Number         0  hrguard.o ABSOLUTE
    ../clib/heapaux.c                        0x00000000   Number         0  heapauxi.o ABSOLUTE
    ../clib/libinit.s                        0x00000000   Number         0  libinit.o ABSOLUTE
    ../clib/libinit.s                        0x00000000   Number         0  libinit2.o ABSOLUTE
    ../clib/libinit.s                        0x00000000   Number         0  libshutdown.o ABSOLUTE
    ../clib/libinit.s                        0x00000000   Number         0  libshutdown2.o ABSOLUTE
    ../clib/longlong.s                       0x00000000   Number         0  lludivv7m.o ABSOLUTE
    ../clib/memcpset.s                       0x00000000   Number         0  rt_memclr_w.o ABSOLUTE
    ../clib/signal.c                         0x00000000   Number         0  defsig_fpe_outer.o ABSOLUTE
    ../clib/signal.c                         0x00000000   Number         0  defsig_fpe_formal.o ABSOLUTE
    ../clib/signal.c                         0x00000000   Number         0  defsig_exit.o ABSOLUTE
    ../clib/signal.c                         0x00000000   Number         0  defsig_fpe_inner.o ABSOLUTE
    ../clib/signal.c                         0x00000000   Number         0  __raise.o ABSOLUTE
    ../clib/signal.c                         0x00000000   Number         0  defsig_general.o ABSOLUTE
    ../clib/signal.c                         0x00000000   Number         0  defsig_abrt_inner.o ABSOLUTE
    ../clib/signal.c                         0x00000000   Number         0  defsig_rtred_inner.o ABSOLUTE
    ../clib/signal.c                         0x00000000   Number         0  defsig_rtmem_inner.o ABSOLUTE
    ../clib/signal.c                         0x00000000   Number         0  defsig_rtmem_outer.o ABSOLUTE
    ../clib/signal.c                         0x00000000   Number         0  defsig_rtmem_formal.o ABSOLUTE
    ../clib/signal.c                         0x00000000   Number         0  defsig_stak_inner.o ABSOLUTE
    ../clib/signal.c                         0x00000000   Number         0  defsig_pvfn_inner.o ABSOLUTE
    ../clib/signal.c                         0x00000000   Number         0  defsig_cppl_inner.o ABSOLUTE
    ../clib/signal.c                         0x00000000   Number         0  defsig_segv_inner.o ABSOLUTE
    ../clib/signal.c                         0x00000000   Number         0  defsig_other.o ABSOLUTE
    ../clib/signal.s                         0x00000000   Number         0  defsig.o ABSOLUTE
    ../clib/stdlib.c                         0x00000000   Number         0  exit.o ABSOLUTE
    ../fplib/fpinit.s                        0x00000000   Number         0  fpinit.o ABSOLUTE
    adc.c                                    0x00000000   Number         0  adc.o ABSOLUTE
    dc.s                                     0x00000000   Number         0  dc.o ABSOLUTE
    dma.c                                    0x00000000   Number         0  dma.o ABSOLUTE
    gpio.c                                   0x00000000   Number         0  gpio.o ABSOLUTE
    hrtim.c                                  0x00000000   Number         0  hrtim.o ABSOLUTE
    main.c                                   0x00000000   Number         0  main.o ABSOLUTE
    mos_table.c                              0x00000000   Number         0  mos_table.o ABSOLUTE
    startup_stm32g474xx.s                    0x00000000   Number         0  startup_stm32g474xx.o ABSOLUTE
    stm32g4xx_hal.c                          0x00000000   Number         0  stm32g4xx_hal.o ABSOLUTE
    stm32g4xx_hal_adc.c                      0x00000000   Number         0  stm32g4xx_hal_adc.o ABSOLUTE
    stm32g4xx_hal_adc_ex.c                   0x00000000   Number         0  stm32g4xx_hal_adc_ex.o ABSOLUTE
    stm32g4xx_hal_cortex.c                   0x00000000   Number         0  stm32g4xx_hal_cortex.o ABSOLUTE
    stm32g4xx_hal_dma.c                      0x00000000   Number         0  stm32g4xx_hal_dma.o ABSOLUTE
    stm32g4xx_hal_dma_ex.c                   0x00000000   Number         0  stm32g4xx_hal_dma_ex.o ABSOLUTE
    stm32g4xx_hal_exti.c                     0x00000000   Number         0  stm32g4xx_hal_exti.o ABSOLUTE
    stm32g4xx_hal_flash.c                    0x00000000   Number         0  stm32g4xx_hal_flash.o ABSOLUTE
    stm32g4xx_hal_flash_ex.c                 0x00000000   Number         0  stm32g4xx_hal_flash_ex.o ABSOLUTE
    stm32g4xx_hal_flash_ramfunc.c            0x00000000   Number         0  stm32g4xx_hal_flash_ramfunc.o ABSOLUTE
    stm32g4xx_hal_gpio.c                     0x00000000   Number         0  stm32g4xx_hal_gpio.o ABSOLUTE
    stm32g4xx_hal_hrtim.c                    0x00000000   Number         0  stm32g4xx_hal_hrtim.o ABSOLUTE
    stm32g4xx_hal_msp.c                      0x00000000   Number         0  stm32g4xx_hal_msp.o ABSOLUTE
    stm32g4xx_hal_pwr.c                      0x00000000   Number         0  stm32g4xx_hal_pwr.o ABSOLUTE
    stm32g4xx_hal_pwr_ex.c                   0x00000000   Number         0  stm32g4xx_hal_pwr_ex.o ABSOLUTE
    stm32g4xx_hal_rcc.c                      0x00000000   Number         0  stm32g4xx_hal_rcc.o ABSOLUTE
    stm32g4xx_hal_rcc_ex.c                   0x00000000   Number         0  stm32g4xx_hal_rcc_ex.o ABSOLUTE
    stm32g4xx_hal_tim.c                      0x00000000   Number         0  stm32g4xx_hal_tim.o ABSOLUTE
    stm32g4xx_hal_tim_ex.c                   0x00000000   Number         0  stm32g4xx_hal_tim_ex.o ABSOLUTE
    stm32g4xx_hal_uart.c                     0x00000000   Number         0  stm32g4xx_hal_uart.o ABSOLUTE
    stm32g4xx_hal_uart_ex.c                  0x00000000   Number         0  stm32g4xx_hal_uart_ex.o ABSOLUTE
    stm32g4xx_it.c                           0x00000000   Number         0  stm32g4xx_it.o ABSOLUTE
    stm32g4xx_ll_adc.c                       0x00000000   Number         0  stm32g4xx_ll_adc.o ABSOLUTE
    system_stm32g4xx.c                       0x00000000   Number         0  system_stm32g4xx.o ABSOLUTE
    usart.c                                  0x00000000   Number         0  usart.o ABSOLUTE
    RESET                                    0x08000000   Section      472  startup_stm32g474xx.o(RESET)
    !!!main                                  0x080001d8   Section        8  __main.o(!!!main)
    !!!scatter                               0x080001e0   Section       52  __scatter.o(!!!scatter)
    !!dclz77c                                0x08000214   Section      100  __dclz77c.o(!!dclz77c)
    !!handler_zi                             0x08000278   Section       28  __scatter_zi.o(!!handler_zi)
    .ARM.Collect$$libinit$$00000000          0x08000294   Section        2  libinit.o(.ARM.Collect$$libinit$$00000000)
    .ARM.Collect$$libinit$$00000001          0x08000296   Section        4  libinit2.o(.ARM.Collect$$libinit$$00000001)
    .ARM.Collect$$libinit$$00000004          0x0800029a   Section        0  libinit2.o(.ARM.Collect$$libinit$$00000004)
    .ARM.Collect$$libinit$$0000000A          0x0800029a   Section        0  libinit2.o(.ARM.Collect$$libinit$$0000000A)
    .ARM.Collect$$libinit$$0000000C          0x0800029a   Section        0  libinit2.o(.ARM.Collect$$libinit$$0000000C)
    .ARM.Collect$$libinit$$0000000E          0x0800029a   Section        0  libinit2.o(.ARM.Collect$$libinit$$0000000E)
    .ARM.Collect$$libinit$$00000011          0x0800029a   Section        0  libinit2.o(.ARM.Collect$$libinit$$00000011)
    .ARM.Collect$$libinit$$00000013          0x0800029a   Section        0  libinit2.o(.ARM.Collect$$libinit$$00000013)
    .ARM.Collect$$libinit$$00000015          0x0800029a   Section        0  libinit2.o(.ARM.Collect$$libinit$$00000015)
    .ARM.Collect$$libinit$$00000017          0x0800029a   Section        0  libinit2.o(.ARM.Collect$$libinit$$00000017)
    .ARM.Collect$$libinit$$00000019          0x0800029a   Section        0  libinit2.o(.ARM.Collect$$libinit$$00000019)
    .ARM.Collect$$libinit$$0000001B          0x0800029a   Section        0  libinit2.o(.ARM.Collect$$libinit$$0000001B)
    .ARM.Collect$$libinit$$0000001D          0x0800029a   Section        0  libinit2.o(.ARM.Collect$$libinit$$0000001D)
    .ARM.Collect$$libinit$$0000001F          0x0800029a   Section        0  libinit2.o(.ARM.Collect$$libinit$$0000001F)
    .ARM.Collect$$libinit$$00000021          0x0800029a   Section        0  libinit2.o(.ARM.Collect$$libinit$$00000021)
    .ARM.Collect$$libinit$$00000023          0x0800029a   Section        0  libinit2.o(.ARM.Collect$$libinit$$00000023)
    .ARM.Collect$$libinit$$00000025          0x0800029a   Section        0  libinit2.o(.ARM.Collect$$libinit$$00000025)
    .ARM.Collect$$libinit$$0000002C          0x0800029a   Section        0  libinit2.o(.ARM.Collect$$libinit$$0000002C)
    .ARM.Collect$$libinit$$0000002E          0x0800029a   Section        0  libinit2.o(.ARM.Collect$$libinit$$0000002E)
    .ARM.Collect$$libinit$$00000030          0x0800029a   Section        0  libinit2.o(.ARM.Collect$$libinit$$00000030)
    .ARM.Collect$$libinit$$00000032          0x0800029a   Section        0  libinit2.o(.ARM.Collect$$libinit$$00000032)
    .ARM.Collect$$libinit$$00000033          0x0800029a   Section        2  libinit2.o(.ARM.Collect$$libinit$$00000033)
    .ARM.Collect$$libshutdown$$00000000      0x0800029c   Section        2  libshutdown.o(.ARM.Collect$$libshutdown$$00000000)
    .ARM.Collect$$libshutdown$$00000002      0x0800029e   Section        0  libshutdown2.o(.ARM.Collect$$libshutdown$$00000002)
    .ARM.Collect$$libshutdown$$00000004      0x0800029e   Section        0  libshutdown2.o(.ARM.Collect$$libshutdown$$00000004)
    .ARM.Collect$$libshutdown$$00000007      0x0800029e   Section        0  libshutdown2.o(.ARM.Collect$$libshutdown$$00000007)
    .ARM.Collect$$libshutdown$$0000000A      0x0800029e   Section        0  libshutdown2.o(.ARM.Collect$$libshutdown$$0000000A)
    .ARM.Collect$$libshutdown$$0000000C      0x0800029e   Section        0  libshutdown2.o(.ARM.Collect$$libshutdown$$0000000C)
    .ARM.Collect$$libshutdown$$0000000F      0x0800029e   Section        0  libshutdown2.o(.ARM.Collect$$libshutdown$$0000000F)
    .ARM.Collect$$libshutdown$$00000010      0x0800029e   Section        2  libshutdown2.o(.ARM.Collect$$libshutdown$$00000010)
    .ARM.Collect$$rtentry$$00000000          0x080002a0   Section        0  __rtentry.o(.ARM.Collect$$rtentry$$00000000)
    .ARM.Collect$$rtentry$$00000002          0x080002a0   Section        0  __rtentry2.o(.ARM.Collect$$rtentry$$00000002)
    .ARM.Collect$$rtentry$$00000004          0x080002a0   Section        6  __rtentry4.o(.ARM.Collect$$rtentry$$00000004)
    .ARM.Collect$$rtentry$$00000009          0x080002a6   Section        0  __rtentry2.o(.ARM.Collect$$rtentry$$00000009)
    .ARM.Collect$$rtentry$$0000000A          0x080002a6   Section        4  __rtentry2.o(.ARM.Collect$$rtentry$$0000000A)
    .ARM.Collect$$rtentry$$0000000C          0x080002aa   Section        0  __rtentry2.o(.ARM.Collect$$rtentry$$0000000C)
    .ARM.Collect$$rtentry$$0000000D          0x080002aa   Section        8  __rtentry2.o(.ARM.Collect$$rtentry$$0000000D)
    .ARM.Collect$$rtexit$$00000000           0x080002b2   Section        2  rtexit.o(.ARM.Collect$$rtexit$$00000000)
    .ARM.Collect$$rtexit$$00000002           0x080002b4   Section        0  rtexit2.o(.ARM.Collect$$rtexit$$00000002)
    .ARM.Collect$$rtexit$$00000003           0x080002b4   Section        4  rtexit2.o(.ARM.Collect$$rtexit$$00000003)
    .ARM.Collect$$rtexit$$00000004           0x080002b8   Section        6  rtexit2.o(.ARM.Collect$$rtexit$$00000004)
    $v0                                      0x080002c0   Number         0  startup_stm32g474xx.o(.text)
    .text                                    0x080002c0   Section       64  startup_stm32g474xx.o(.text)
    .text                                    0x08000300   Section      238  lludivv7m.o(.text)
    .text                                    0x080003ee   Section       78  rt_memclr_w.o(.text)
    .text                                    0x0800043c   Section        0  heapauxi.o(.text)
    .text                                    0x08000442   Section       74  sys_stackheap_outer.o(.text)
    .text                                    0x0800048c   Section        0  exit.o(.text)
    .text                                    0x080004a0   Section        8  libspace.o(.text)
    .text                                    0x080004a8   Section        0  sys_exit.o(.text)
    .text                                    0x080004b4   Section        2  use_no_semi.o(.text)
    .text                                    0x080004b6   Section        0  indicate_semi.o(.text)
    [Anonymous Symbol]                       0x080004b8   Section        0  stm32g4xx_hal_adc.o(.text.ADC_DMAConvCplt)
    [Anonymous Symbol]                       0x08000530   Section        0  stm32g4xx_hal_adc.o(.text.ADC_DMAError)
    [Anonymous Symbol]                       0x08000548   Section        0  stm32g4xx_hal_adc.o(.text.ADC_DMAHalfConvCplt)
    [Anonymous Symbol]                       0x08000550   Section        0  stm32g4xx_hal_adc.o(.text.ADC_Enable)
    [Anonymous Symbol]                       0x080005cc   Section        0  stm32g4xx_it.o(.text.DMA1_Channel1_IRQHandler)
    [Anonymous Symbol]                       0x080005fc   Section        0  main.o(.text.Error_Handler)
    [Anonymous Symbol]                       0x08000608   Section        0  stm32g4xx_hal_adc_ex.o(.text.HAL_ADCEx_MultiModeConfigChannel)
    [Anonymous Symbol]                       0x08000734   Section        0  stm32g4xx_hal_adc.o(.text.HAL_ADC_ConfigChannel)
    [Anonymous Symbol]                       0x08000b38   Section        0  stm32g4xx_hal_adc.o(.text.HAL_ADC_ConvCpltCallback)
    [Anonymous Symbol]                       0x08000b3c   Section        0  stm32g4xx_hal_adc.o(.text.HAL_ADC_ConvHalfCpltCallback)
    [Anonymous Symbol]                       0x08000b40   Section        0  stm32g4xx_hal_adc.o(.text.HAL_ADC_ErrorCallback)
    [Anonymous Symbol]                       0x08000b44   Section        0  stm32g4xx_hal_adc.o(.text.HAL_ADC_Init)
    [Anonymous Symbol]                       0x08000db8   Section        0  adc.o(.text.HAL_ADC_MspInit)
    [Anonymous Symbol]                       0x08000e80   Section        0  stm32g4xx_hal_adc.o(.text.HAL_ADC_Start_DMA)
    [Anonymous Symbol]                       0x08000fb0   Section        0  stm32g4xx_hal_dma.o(.text.HAL_DMA_Init)
    [Anonymous Symbol]                       0x080010e4   Section        0  stm32g4xx_hal_dma.o(.text.HAL_DMA_Start_IT)
    [Anonymous Symbol]                       0x080011c4   Section        0  stm32g4xx_hal_gpio.o(.text.HAL_GPIO_Init)
    [Anonymous Symbol]                       0x0800138c   Section        0  stm32g4xx_hal_gpio.o(.text.HAL_GPIO_WritePin)
    [Anonymous Symbol]                       0x08001398   Section        0  stm32g4xx_hal.o(.text.HAL_GetTick)
    [Anonymous Symbol]                       0x080013a4   Section        0  stm32g4xx_hal_hrtim.o(.text.HAL_HRTIM_ADCPostScalerConfig)
    [Anonymous Symbol]                       0x080014e8   Section        0  stm32g4xx_hal_hrtim.o(.text.HAL_HRTIM_ADCTriggerConfig)
    [Anonymous Symbol]                       0x08001724   Section        0  stm32g4xx_hal_hrtim.o(.text.HAL_HRTIM_DLLCalibrationStart)
    [Anonymous Symbol]                       0x08001778   Section        0  stm32g4xx_hal_hrtim.o(.text.HAL_HRTIM_DeadTimeConfig)
    [Anonymous Symbol]                       0x08001814   Section        0  stm32g4xx_hal_hrtim.o(.text.HAL_HRTIM_Init)
    [Anonymous Symbol]                       0x08001900   Section        0  hrtim.o(.text.HAL_HRTIM_MspInit)
    [Anonymous Symbol]                       0x08001944   Section        0  stm32g4xx_hal_hrtim.o(.text.HAL_HRTIM_PollForDLLCalibration)
    [Anonymous Symbol]                       0x080019b4   Section        0  stm32g4xx_hal_hrtim.o(.text.HAL_HRTIM_RollOverModeConfig)
    [Anonymous Symbol]                       0x08001a08   Section        0  stm32g4xx_hal_hrtim.o(.text.HAL_HRTIM_TimeBaseConfig)
    [Anonymous Symbol]                       0x08001a80   Section        0  stm32g4xx_hal_hrtim.o(.text.HAL_HRTIM_WaveformCompareConfig)
    [Anonymous Symbol]                       0x08001bc0   Section        0  stm32g4xx_hal_hrtim.o(.text.HAL_HRTIM_WaveformCountStart)
    [Anonymous Symbol]                       0x08001be8   Section        0  stm32g4xx_hal_hrtim.o(.text.HAL_HRTIM_WaveformCountStart_IT)
    [Anonymous Symbol]                       0x08001cc4   Section        0  stm32g4xx_hal_hrtim.o(.text.HAL_HRTIM_WaveformOutputConfig)
    [Anonymous Symbol]                       0x08001d00   Section        0  stm32g4xx_hal_hrtim.o(.text.HAL_HRTIM_WaveformOutputStart)
    [Anonymous Symbol]                       0x08001d2c   Section        0  stm32g4xx_hal_hrtim.o(.text.HAL_HRTIM_WaveformTimerConfig)
    [Anonymous Symbol]                       0x08001fd8   Section        0  stm32g4xx_hal_hrtim.o(.text.HAL_HRTIM_WaveformTimerControl)
    [Anonymous Symbol]                       0x08002080   Section        0  stm32g4xx_hal.o(.text.HAL_Init)
    [Anonymous Symbol]                       0x080020a0   Section        0  stm32g4xx_hal.o(.text.HAL_InitTick)
    [Anonymous Symbol]                       0x080020ec   Section        0  stm32g4xx_hal_msp.o(.text.HAL_MspInit)
    [Anonymous Symbol]                       0x08002174   Section        0  stm32g4xx_hal_cortex.o(.text.HAL_NVIC_EnableIRQ)
    [Anonymous Symbol]                       0x08002194   Section        0  stm32g4xx_hal_cortex.o(.text.HAL_NVIC_SetPriority)
    [Anonymous Symbol]                       0x080021f0   Section        0  stm32g4xx_hal_cortex.o(.text.HAL_NVIC_SetPriorityGrouping)
    [Anonymous Symbol]                       0x08002210   Section        0  stm32g4xx_hal_pwr_ex.o(.text.HAL_PWREx_ControlVoltageScaling)
    [Anonymous Symbol]                       0x0800233c   Section        0  stm32g4xx_hal_pwr_ex.o(.text.HAL_PWREx_DisableUCPDDeadBattery)
    [Anonymous Symbol]                       0x08002350   Section        0  stm32g4xx_hal_rcc_ex.o(.text.HAL_RCCEx_PeriphCLKConfig)
    [Anonymous Symbol]                       0x08002668   Section        0  stm32g4xx_hal_rcc.o(.text.HAL_RCC_ClockConfig)
    [Anonymous Symbol]                       0x080029a4   Section        0  stm32g4xx_hal_rcc.o(.text.HAL_RCC_GetPCLK1Freq)
    [Anonymous Symbol]                       0x080029d0   Section        0  stm32g4xx_hal_rcc.o(.text.HAL_RCC_GetPCLK2Freq)
    [Anonymous Symbol]                       0x080029fc   Section        0  stm32g4xx_hal_rcc.o(.text.HAL_RCC_GetSysClockFreq)
    [Anonymous Symbol]                       0x08002a74   Section        0  stm32g4xx_hal_rcc.o(.text.HAL_RCC_OscConfig)
    [Anonymous Symbol]                       0x08002ed0   Section        0  stm32g4xx_hal_cortex.o(.text.HAL_SYSTICK_Config)
    [Anonymous Symbol]                       0x08002efc   Section        0  stm32g4xx_hal_uart_ex.o(.text.HAL_UARTEx_DisableFifoMode)
    [Anonymous Symbol]                       0x08002f34   Section        0  stm32g4xx_hal_uart_ex.o(.text.HAL_UARTEx_SetRxFifoThreshold)
    [Anonymous Symbol]                       0x08002fc4   Section        0  stm32g4xx_hal_uart_ex.o(.text.HAL_UARTEx_SetTxFifoThreshold)
    [Anonymous Symbol]                       0x08003054   Section        0  stm32g4xx_hal_uart.o(.text.HAL_UART_ErrorCallback)
    [Anonymous Symbol]                       0x08003058   Section        0  stm32g4xx_hal_uart.o(.text.HAL_UART_Init)
    [Anonymous Symbol]                       0x0800311c   Section        0  usart.o(.text.HAL_UART_MspInit)
    [Anonymous Symbol]                       0x080031ec   Section        0  stm32g4xx_hal_uart.o(.text.HAL_UART_Transmit_DMA)
    [Anonymous Symbol]                       0x080032e4   Section        0  stm32g4xx_hal_uart.o(.text.HAL_UART_TxCpltCallback)
    [Anonymous Symbol]                       0x080032e8   Section        0  stm32g4xx_hal_uart.o(.text.HAL_UART_TxHalfCpltCallback)
    [Anonymous Symbol]                       0x080032ec   Section        0  stm32g4xx_it.o(.text.HRTIM1_Master_IRQHandler)
    HRTIM_OutputConfig                       0x08003535   Thumb Code   246  stm32g4xx_hal_hrtim.o(.text.HRTIM_OutputConfig)
    [Anonymous Symbol]                       0x08003534   Section        0  stm32g4xx_hal_hrtim.o(.text.HRTIM_OutputConfig)
    [Anonymous Symbol]                       0x0800362c   Section        0  adc.o(.text.MX_ADC1_Init)
    [Anonymous Symbol]                       0x0800372c   Section        0  dma.o(.text.MX_DMA_Init)
    [Anonymous Symbol]                       0x08003774   Section        0  gpio.o(.text.MX_GPIO_Init)
    [Anonymous Symbol]                       0x08003818   Section        0  hrtim.o(.text.MX_HRTIM1_Init)
    [Anonymous Symbol]                       0x08003cbc   Section        0  usart.o(.text.MX_USART1_UART_Init)
    [Anonymous Symbol]                       0x08003d44   Section        0  system_stm32g4xx.o(.text.SystemInit)
    [Anonymous Symbol]                       0x08003d58   Section        0  stm32g4xx_hal_uart.o(.text.UART_AdvFeatureConfig)
    UART_DMAError                            0x08003e49   Thumb Code   490  stm32g4xx_hal_uart.o(.text.UART_DMAError)
    [Anonymous Symbol]                       0x08003e48   Section        0  stm32g4xx_hal_uart.o(.text.UART_DMAError)
    UART_DMATransmitCplt                     0x08004035   Thumb Code   176  stm32g4xx_hal_uart.o(.text.UART_DMATransmitCplt)
    [Anonymous Symbol]                       0x08004034   Section        0  stm32g4xx_hal_uart.o(.text.UART_DMATransmitCplt)
    UART_DMATxHalfCplt                       0x080040e5   Thumb Code     6  stm32g4xx_hal_uart.o(.text.UART_DMATxHalfCplt)
    [Anonymous Symbol]                       0x080040e4   Section        0  stm32g4xx_hal_uart.o(.text.UART_DMATxHalfCplt)
    [Anonymous Symbol]                       0x080040ec   Section        0  stm32g4xx_hal_uart.o(.text.UART_SetConfig)
    [Anonymous Symbol]                       0x080043b4   Section        0  stm32g4xx_hal_uart.o(.text.UART_WaitOnFlagUntilTimeout)
    [Anonymous Symbol]                       0x080045d0   Section        0  main.o(.text.main)
    $v0                                      0x080046b2   Number         0  fpinit.o(x$fpl$fpinit)
    x$fpl$fpinit                             0x080046b2   Section       26  fpinit.o(x$fpl$fpinit)
    .Lswitch.table.HAL_HRTIM_WaveformTimerControl 0x080046cc   Data          28  stm32g4xx_hal_hrtim.o(.rodata..Lswitch.table.HAL_HRTIM_WaveformTimerControl)
    UARTEx_SetNbDataToProcess.numerator      0x08004718   Data           8  stm32g4xx_hal_uart_ex.o(.rodata.cst8)
    UARTEx_SetNbDataToProcess.denominator    0x08004720   Data           8  stm32g4xx_hal_uart_ex.o(.rodata.cst8)
    .L_MergedGlobals                         0x20000000   Data           8  stm32g4xx_hal.o(.data..L_MergedGlobals)
    [Anonymous Symbol]                       0x20000000   Section        0  stm32g4xx_hal.o(.data..L_MergedGlobals)
    .bss                                     0x20000fb8   Section       96  libspace.o(.bss)
    .L_MergedGlobals                         0x20001018   Data          12  stm32g4xx_it.o(.bss..L_MergedGlobals)
    HRTIM1_Master_IRQHandler.open_loop_cnt   0x20001018   Data           2  stm32g4xx_it.o(.bss..L_MergedGlobals)
    [Anonymous Symbol]                       0x20001018   Section        0  stm32g4xx_it.o(.bss..L_MergedGlobals)
    HRTIM1_Master_IRQHandler.V_I_sum         0x2000101c   Data           4  stm32g4xx_it.o(.bss..L_MergedGlobals)
    HRTIM1_Master_IRQHandler.I_I_sum         0x20001020   Data           4  stm32g4xx_it.o(.bss..L_MergedGlobals)
    Heap_Mem                                 0x200012e8   Data         512  startup_stm32g474xx.o(HEAP)
    HEAP                                     0x200012e8   Section      512  startup_stm32g474xx.o(HEAP)
    Stack_Mem                                0x200014e8   Data        1024  startup_stm32g474xx.o(STACK)
    STACK                                    0x200014e8   Section     1024  startup_stm32g474xx.o(STACK)
    __initial_sp                             0x200018e8   Data           0  startup_stm32g474xx.o(STACK)

    Global Symbols

    Symbol Name                              Value     Ov Type        Size  Object(Section)

    BuildAttributes$$THM_ISAv4$E$P$D$K$B$S$7EM$VFPi3$EXTD16$VFPS$VFMA$PE$A:L22UL41UL21$X:L11$S22US41US21$IEEE1$IW$~IW$USESV6$~STKCKD$USESV7$~SHL$OTIME$ROPI$EBA8$UX$STANDARDLIB$REQ8$PRES8$EABIv2 0x00000000   Number         0  anon$$obj.o ABSOLUTE
    __ARM_exceptions_init                     - Undefined Weak Reference
    __alloca_initialize                       - Undefined Weak Reference
    __arm_preinit_                            - Undefined Weak Reference
    __cpp_initialize__aeabi_                  - Undefined Weak Reference
    __cxa_finalize                            - Undefined Weak Reference
    __rt_locale                               - Undefined Weak Reference
    __sigvec_lookup                           - Undefined Weak Reference
    _atexit_init                              - Undefined Weak Reference
    _call_atexit_fns                          - Undefined Weak Reference
    _clock_init                               - Undefined Weak Reference
    _fp_trap_init                             - Undefined Weak Reference
    _fp_trap_shutdown                         - Undefined Weak Reference
    _get_lc_collate                           - Undefined Weak Reference
    _get_lc_ctype                             - Undefined Weak Reference
    _get_lc_monetary                          - Undefined Weak Reference
    _get_lc_numeric                           - Undefined Weak Reference
    _get_lc_time                              - Undefined Weak Reference
    _getenv_init                              - Undefined Weak Reference
    _handle_redirection                       - Undefined Weak Reference
    _init_alloc                               - Undefined Weak Reference
    _init_user_alloc                          - Undefined Weak Reference
    _initio                                   - Undefined Weak Reference
    _rand_init                                - Undefined Weak Reference
    _signal_finish                            - Undefined Weak Reference
    _signal_init                              - Undefined Weak Reference
    _terminate_alloc                          - Undefined Weak Reference
    _terminate_user_alloc                     - Undefined Weak Reference
    _terminateio                              - Undefined Weak Reference
    __Vectors_Size                           0x000001d8   Number         0  startup_stm32g474xx.o ABSOLUTE
    __Vectors                                0x08000000   Data           4  startup_stm32g474xx.o(RESET)
    __Vectors_End                            0x080001d8   Data           0  startup_stm32g474xx.o(RESET)
    __main                                   0x080001d9   Thumb Code     8  __main.o(!!!main)
    __scatterload                            0x080001e1   Thumb Code     0  __scatter.o(!!!scatter)
    __scatterload_rt2                        0x080001e1   Thumb Code    44  __scatter.o(!!!scatter)
    __scatterload_rt2_thumb_only             0x080001e1   Thumb Code     0  __scatter.o(!!!scatter)
    __scatterload_null                       0x080001ef   Thumb Code     0  __scatter.o(!!!scatter)
    __decompress                             0x08000215   Thumb Code   100  __dclz77c.o(!!dclz77c)
    __decompress2                            0x08000215   Thumb Code     0  __dclz77c.o(!!dclz77c)
    __scatterload_zeroinit                   0x08000279   Thumb Code    28  __scatter_zi.o(!!handler_zi)
    __rt_lib_init                            0x08000295   Thumb Code     0  libinit.o(.ARM.Collect$$libinit$$00000000)
    __rt_lib_init_fp_1                       0x08000297   Thumb Code     0  libinit2.o(.ARM.Collect$$libinit$$00000001)
    __rt_lib_init_alloca_1                   0x0800029b   Thumb Code     0  libinit2.o(.ARM.Collect$$libinit$$0000002E)
    __rt_lib_init_argv_1                     0x0800029b   Thumb Code     0  libinit2.o(.ARM.Collect$$libinit$$0000002C)
    __rt_lib_init_atexit_1                   0x0800029b   Thumb Code     0  libinit2.o(.ARM.Collect$$libinit$$0000001B)
    __rt_lib_init_clock_1                    0x0800029b   Thumb Code     0  libinit2.o(.ARM.Collect$$libinit$$00000021)
    __rt_lib_init_cpp_1                      0x0800029b   Thumb Code     0  libinit2.o(.ARM.Collect$$libinit$$00000032)
    __rt_lib_init_exceptions_1               0x0800029b   Thumb Code     0  libinit2.o(.ARM.Collect$$libinit$$00000030)
    __rt_lib_init_fp_trap_1                  0x0800029b   Thumb Code     0  libinit2.o(.ARM.Collect$$libinit$$0000001F)
    __rt_lib_init_getenv_1                   0x0800029b   Thumb Code     0  libinit2.o(.ARM.Collect$$libinit$$00000023)
    __rt_lib_init_heap_1                     0x0800029b   Thumb Code     0  libinit2.o(.ARM.Collect$$libinit$$0000000A)
    __rt_lib_init_lc_collate_1               0x0800029b   Thumb Code     0  libinit2.o(.ARM.Collect$$libinit$$00000011)
    __rt_lib_init_lc_ctype_1                 0x0800029b   Thumb Code     0  libinit2.o(.ARM.Collect$$libinit$$00000013)
    __rt_lib_init_lc_monetary_1              0x0800029b   Thumb Code     0  libinit2.o(.ARM.Collect$$libinit$$00000015)
    __rt_lib_init_lc_numeric_1               0x0800029b   Thumb Code     0  libinit2.o(.ARM.Collect$$libinit$$00000017)
    __rt_lib_init_lc_time_1                  0x0800029b   Thumb Code     0  libinit2.o(.ARM.Collect$$libinit$$00000019)
    __rt_lib_init_preinit_1                  0x0800029b   Thumb Code     0  libinit2.o(.ARM.Collect$$libinit$$00000004)
    __rt_lib_init_rand_1                     0x0800029b   Thumb Code     0  libinit2.o(.ARM.Collect$$libinit$$0000000E)
    __rt_lib_init_return                     0x0800029b   Thumb Code     0  libinit2.o(.ARM.Collect$$libinit$$00000033)
    __rt_lib_init_signal_1                   0x0800029b   Thumb Code     0  libinit2.o(.ARM.Collect$$libinit$$0000001D)
    __rt_lib_init_stdio_1                    0x0800029b   Thumb Code     0  libinit2.o(.ARM.Collect$$libinit$$00000025)
    __rt_lib_init_user_alloc_1               0x0800029b   Thumb Code     0  libinit2.o(.ARM.Collect$$libinit$$0000000C)
    __rt_lib_shutdown                        0x0800029d   Thumb Code     0  libshutdown.o(.ARM.Collect$$libshutdown$$00000000)
    __rt_lib_shutdown_cpp_1                  0x0800029f   Thumb Code     0  libshutdown2.o(.ARM.Collect$$libshutdown$$00000002)
    __rt_lib_shutdown_fp_trap_1              0x0800029f   Thumb Code     0  libshutdown2.o(.ARM.Collect$$libshutdown$$00000007)
    __rt_lib_shutdown_heap_1                 0x0800029f   Thumb Code     0  libshutdown2.o(.ARM.Collect$$libshutdown$$0000000F)
    __rt_lib_shutdown_return                 0x0800029f   Thumb Code     0  libshutdown2.o(.ARM.Collect$$libshutdown$$00000010)
    __rt_lib_shutdown_signal_1               0x0800029f   Thumb Code     0  libshutdown2.o(.ARM.Collect$$libshutdown$$0000000A)
    __rt_lib_shutdown_stdio_1                0x0800029f   Thumb Code     0  libshutdown2.o(.ARM.Collect$$libshutdown$$00000004)
    __rt_lib_shutdown_user_alloc_1           0x0800029f   Thumb Code     0  libshutdown2.o(.ARM.Collect$$libshutdown$$0000000C)
    __rt_entry                               0x080002a1   Thumb Code     0  __rtentry.o(.ARM.Collect$$rtentry$$00000000)
    __rt_entry_presh_1                       0x080002a1   Thumb Code     0  __rtentry2.o(.ARM.Collect$$rtentry$$00000002)
    __rt_entry_sh                            0x080002a1   Thumb Code     0  __rtentry4.o(.ARM.Collect$$rtentry$$00000004)
    __rt_entry_li                            0x080002a7   Thumb Code     0  __rtentry2.o(.ARM.Collect$$rtentry$$0000000A)
    __rt_entry_postsh_1                      0x080002a7   Thumb Code     0  __rtentry2.o(.ARM.Collect$$rtentry$$00000009)
    __rt_entry_main                          0x080002ab   Thumb Code     0  __rtentry2.o(.ARM.Collect$$rtentry$$0000000D)
    __rt_entry_postli_1                      0x080002ab   Thumb Code     0  __rtentry2.o(.ARM.Collect$$rtentry$$0000000C)
    __rt_exit                                0x080002b3   Thumb Code     0  rtexit.o(.ARM.Collect$$rtexit$$00000000)
    __rt_exit_ls                             0x080002b5   Thumb Code     0  rtexit2.o(.ARM.Collect$$rtexit$$00000003)
    __rt_exit_prels_1                        0x080002b5   Thumb Code     0  rtexit2.o(.ARM.Collect$$rtexit$$00000002)
    __rt_exit_exit                           0x080002b9   Thumb Code     0  rtexit2.o(.ARM.Collect$$rtexit$$00000004)
    Reset_Handler                            0x080002c1   Thumb Code     8  startup_stm32g474xx.o(.text)
    NMI_Handler                              0x080002c9   Thumb Code     2  startup_stm32g474xx.o(.text)
    HardFault_Handler                        0x080002cb   Thumb Code     2  startup_stm32g474xx.o(.text)
    MemManage_Handler                        0x080002cd   Thumb Code     2  startup_stm32g474xx.o(.text)
    BusFault_Handler                         0x080002cf   Thumb Code     2  startup_stm32g474xx.o(.text)
    UsageFault_Handler                       0x080002d1   Thumb Code     2  startup_stm32g474xx.o(.text)
    SVC_Handler                              0x080002d3   Thumb Code     2  startup_stm32g474xx.o(.text)
    DebugMon_Handler                         0x080002d5   Thumb Code     2  startup_stm32g474xx.o(.text)
    PendSV_Handler                           0x080002d7   Thumb Code     2  startup_stm32g474xx.o(.text)
    SysTick_Handler                          0x080002d9   Thumb Code     2  startup_stm32g474xx.o(.text)
    ADC1_2_IRQHandler                        0x080002db   Thumb Code     0  startup_stm32g474xx.o(.text)
    ADC3_IRQHandler                          0x080002db   Thumb Code     0  startup_stm32g474xx.o(.text)
    ADC4_IRQHandler                          0x080002db   Thumb Code     0  startup_stm32g474xx.o(.text)
    ADC5_IRQHandler                          0x080002db   Thumb Code     0  startup_stm32g474xx.o(.text)
    COMP1_2_3_IRQHandler                     0x080002db   Thumb Code     0  startup_stm32g474xx.o(.text)
    COMP4_5_6_IRQHandler                     0x080002db   Thumb Code     0  startup_stm32g474xx.o(.text)
    COMP7_IRQHandler                         0x080002db   Thumb Code     0  startup_stm32g474xx.o(.text)
    CORDIC_IRQHandler                        0x080002db   Thumb Code     0  startup_stm32g474xx.o(.text)
    CRS_IRQHandler                           0x080002db   Thumb Code     0  startup_stm32g474xx.o(.text)
    DMA1_Channel2_IRQHandler                 0x080002db   Thumb Code     0  startup_stm32g474xx.o(.text)
    DMA1_Channel3_IRQHandler                 0x080002db   Thumb Code     0  startup_stm32g474xx.o(.text)
    DMA1_Channel4_IRQHandler                 0x080002db   Thumb Code     0  startup_stm32g474xx.o(.text)
    DMA1_Channel5_IRQHandler                 0x080002db   Thumb Code     0  startup_stm32g474xx.o(.text)
    DMA1_Channel6_IRQHandler                 0x080002db   Thumb Code     0  startup_stm32g474xx.o(.text)
    DMA1_Channel7_IRQHandler                 0x080002db   Thumb Code     0  startup_stm32g474xx.o(.text)
    DMA1_Channel8_IRQHandler                 0x080002db   Thumb Code     0  startup_stm32g474xx.o(.text)
    DMA2_Channel1_IRQHandler                 0x080002db   Thumb Code     0  startup_stm32g474xx.o(.text)
    DMA2_Channel2_IRQHandler                 0x080002db   Thumb Code     0  startup_stm32g474xx.o(.text)
    DMA2_Channel3_IRQHandler                 0x080002db   Thumb Code     0  startup_stm32g474xx.o(.text)
    DMA2_Channel4_IRQHandler                 0x080002db   Thumb Code     0  startup_stm32g474xx.o(.text)
    DMA2_Channel5_IRQHandler                 0x080002db   Thumb Code     0  startup_stm32g474xx.o(.text)
    DMA2_Channel6_IRQHandler                 0x080002db   Thumb Code     0  startup_stm32g474xx.o(.text)
    DMA2_Channel7_IRQHandler                 0x080002db   Thumb Code     0  startup_stm32g474xx.o(.text)
    DMA2_Channel8_IRQHandler                 0x080002db   Thumb Code     0  startup_stm32g474xx.o(.text)
    DMAMUX_OVR_IRQHandler                    0x080002db   Thumb Code     0  startup_stm32g474xx.o(.text)
    EXTI0_IRQHandler                         0x080002db   Thumb Code     0  startup_stm32g474xx.o(.text)
    EXTI15_10_IRQHandler                     0x080002db   Thumb Code     0  startup_stm32g474xx.o(.text)
    EXTI1_IRQHandler                         0x080002db   Thumb Code     0  startup_stm32g474xx.o(.text)
    EXTI2_IRQHandler                         0x080002db   Thumb Code     0  startup_stm32g474xx.o(.text)
    EXTI3_IRQHandler                         0x080002db   Thumb Code     0  startup_stm32g474xx.o(.text)
    EXTI4_IRQHandler                         0x080002db   Thumb Code     0  startup_stm32g474xx.o(.text)
    EXTI9_5_IRQHandler                       0x080002db   Thumb Code     0  startup_stm32g474xx.o(.text)
    FDCAN1_IT0_IRQHandler                    0x080002db   Thumb Code     0  startup_stm32g474xx.o(.text)
    FDCAN1_IT1_IRQHandler                    0x080002db   Thumb Code     0  startup_stm32g474xx.o(.text)
    FDCAN2_IT0_IRQHandler                    0x080002db   Thumb Code     0  startup_stm32g474xx.o(.text)
    FDCAN2_IT1_IRQHandler                    0x080002db   Thumb Code     0  startup_stm32g474xx.o(.text)
    FDCAN3_IT0_IRQHandler                    0x080002db   Thumb Code     0  startup_stm32g474xx.o(.text)
    FDCAN3_IT1_IRQHandler                    0x080002db   Thumb Code     0  startup_stm32g474xx.o(.text)
    FLASH_IRQHandler                         0x080002db   Thumb Code     0  startup_stm32g474xx.o(.text)
    FMAC_IRQHandler                          0x080002db   Thumb Code     0  startup_stm32g474xx.o(.text)
    FMC_IRQHandler                           0x080002db   Thumb Code     0  startup_stm32g474xx.o(.text)
    FPU_IRQHandler                           0x080002db   Thumb Code     0  startup_stm32g474xx.o(.text)
    HRTIM1_FLT_IRQHandler                    0x080002db   Thumb Code     0  startup_stm32g474xx.o(.text)
    HRTIM1_TIMA_IRQHandler                   0x080002db   Thumb Code     0  startup_stm32g474xx.o(.text)
    HRTIM1_TIMB_IRQHandler                   0x080002db   Thumb Code     0  startup_stm32g474xx.o(.text)
    HRTIM1_TIMC_IRQHandler                   0x080002db   Thumb Code     0  startup_stm32g474xx.o(.text)
    HRTIM1_TIMD_IRQHandler                   0x080002db   Thumb Code     0  startup_stm32g474xx.o(.text)
    HRTIM1_TIME_IRQHandler                   0x080002db   Thumb Code     0  startup_stm32g474xx.o(.text)
    HRTIM1_TIMF_IRQHandler                   0x080002db   Thumb Code     0  startup_stm32g474xx.o(.text)
    I2C1_ER_IRQHandler                       0x080002db   Thumb Code     0  startup_stm32g474xx.o(.text)
    I2C1_EV_IRQHandler                       0x080002db   Thumb Code     0  startup_stm32g474xx.o(.text)
    I2C2_ER_IRQHandler                       0x080002db   Thumb Code     0  startup_stm32g474xx.o(.text)
    I2C2_EV_IRQHandler                       0x080002db   Thumb Code     0  startup_stm32g474xx.o(.text)
    I2C3_ER_IRQHandler                       0x080002db   Thumb Code     0  startup_stm32g474xx.o(.text)
    I2C3_EV_IRQHandler                       0x080002db   Thumb Code     0  startup_stm32g474xx.o(.text)
    I2C4_ER_IRQHandler                       0x080002db   Thumb Code     0  startup_stm32g474xx.o(.text)
    I2C4_EV_IRQHandler                       0x080002db   Thumb Code     0  startup_stm32g474xx.o(.text)
    LPTIM1_IRQHandler                        0x080002db   Thumb Code     0  startup_stm32g474xx.o(.text)
    LPUART1_IRQHandler                       0x080002db   Thumb Code     0  startup_stm32g474xx.o(.text)
    PVD_PVM_IRQHandler                       0x080002db   Thumb Code     0  startup_stm32g474xx.o(.text)
    QUADSPI_IRQHandler                       0x080002db   Thumb Code     0  startup_stm32g474xx.o(.text)
    RCC_IRQHandler                           0x080002db   Thumb Code     0  startup_stm32g474xx.o(.text)
    RNG_IRQHandler                           0x080002db   Thumb Code     0  startup_stm32g474xx.o(.text)
    RTC_Alarm_IRQHandler                     0x080002db   Thumb Code     0  startup_stm32g474xx.o(.text)
    RTC_TAMP_LSECSS_IRQHandler               0x080002db   Thumb Code     0  startup_stm32g474xx.o(.text)
    RTC_WKUP_IRQHandler                      0x080002db   Thumb Code     0  startup_stm32g474xx.o(.text)
    SAI1_IRQHandler                          0x080002db   Thumb Code     0  startup_stm32g474xx.o(.text)
    SPI1_IRQHandler                          0x080002db   Thumb Code     0  startup_stm32g474xx.o(.text)
    SPI2_IRQHandler                          0x080002db   Thumb Code     0  startup_stm32g474xx.o(.text)
    SPI3_IRQHandler                          0x080002db   Thumb Code     0  startup_stm32g474xx.o(.text)
    SPI4_IRQHandler                          0x080002db   Thumb Code     0  startup_stm32g474xx.o(.text)
    TIM1_BRK_TIM15_IRQHandler                0x080002db   Thumb Code     0  startup_stm32g474xx.o(.text)
    TIM1_CC_IRQHandler                       0x080002db   Thumb Code     0  startup_stm32g474xx.o(.text)
    TIM1_TRG_COM_TIM17_IRQHandler            0x080002db   Thumb Code     0  startup_stm32g474xx.o(.text)
    TIM1_UP_TIM16_IRQHandler                 0x080002db   Thumb Code     0  startup_stm32g474xx.o(.text)
    TIM20_BRK_IRQHandler                     0x080002db   Thumb Code     0  startup_stm32g474xx.o(.text)
    TIM20_CC_IRQHandler                      0x080002db   Thumb Code     0  startup_stm32g474xx.o(.text)
    TIM20_TRG_COM_IRQHandler                 0x080002db   Thumb Code     0  startup_stm32g474xx.o(.text)
    TIM20_UP_IRQHandler                      0x080002db   Thumb Code     0  startup_stm32g474xx.o(.text)
    TIM2_IRQHandler                          0x080002db   Thumb Code     0  startup_stm32g474xx.o(.text)
    TIM3_IRQHandler                          0x080002db   Thumb Code     0  startup_stm32g474xx.o(.text)
    TIM4_IRQHandler                          0x080002db   Thumb Code     0  startup_stm32g474xx.o(.text)
    TIM5_IRQHandler                          0x080002db   Thumb Code     0  startup_stm32g474xx.o(.text)
    TIM6_DAC_IRQHandler                      0x080002db   Thumb Code     0  startup_stm32g474xx.o(.text)
    TIM7_DAC_IRQHandler                      0x080002db   Thumb Code     0  startup_stm32g474xx.o(.text)
    TIM8_BRK_IRQHandler                      0x080002db   Thumb Code     0  startup_stm32g474xx.o(.text)
    TIM8_CC_IRQHandler                       0x080002db   Thumb Code     0  startup_stm32g474xx.o(.text)
    TIM8_TRG_COM_IRQHandler                  0x080002db   Thumb Code     0  startup_stm32g474xx.o(.text)
    TIM8_UP_IRQHandler                       0x080002db   Thumb Code     0  startup_stm32g474xx.o(.text)
    UART4_IRQHandler                         0x080002db   Thumb Code     0  startup_stm32g474xx.o(.text)
    UART5_IRQHandler                         0x080002db   Thumb Code     0  startup_stm32g474xx.o(.text)
    UCPD1_IRQHandler                         0x080002db   Thumb Code     0  startup_stm32g474xx.o(.text)
    USART1_IRQHandler                        0x080002db   Thumb Code     0  startup_stm32g474xx.o(.text)
    USART2_IRQHandler                        0x080002db   Thumb Code     0  startup_stm32g474xx.o(.text)
    USART3_IRQHandler                        0x080002db   Thumb Code     0  startup_stm32g474xx.o(.text)
    USBWakeUp_IRQHandler                     0x080002db   Thumb Code     0  startup_stm32g474xx.o(.text)
    USB_HP_IRQHandler                        0x080002db   Thumb Code     0  startup_stm32g474xx.o(.text)
    USB_LP_IRQHandler                        0x080002db   Thumb Code     0  startup_stm32g474xx.o(.text)
    WWDG_IRQHandler                          0x080002db   Thumb Code     0  startup_stm32g474xx.o(.text)
    __user_initial_stackheap                 0x080002dd   Thumb Code     0  startup_stm32g474xx.o(.text)
    __aeabi_uldivmod                         0x08000301   Thumb Code     0  lludivv7m.o(.text)
    _ll_udiv                                 0x08000301   Thumb Code   238  lludivv7m.o(.text)
    __aeabi_memclr4                          0x080003ef   Thumb Code     0  rt_memclr_w.o(.text)
    __aeabi_memclr8                          0x080003ef   Thumb Code     0  rt_memclr_w.o(.text)
    __rt_memclr_w                            0x080003ef   Thumb Code    78  rt_memclr_w.o(.text)
    _memset_w                                0x080003f3   Thumb Code     0  rt_memclr_w.o(.text)
    __use_two_region_memory                  0x0800043d   Thumb Code     2  heapauxi.o(.text)
    __rt_heap_escrow$2region                 0x0800043f   Thumb Code     2  heapauxi.o(.text)
    __rt_heap_expand$2region                 0x08000441   Thumb Code     2  heapauxi.o(.text)
    __user_setup_stackheap                   0x08000443   Thumb Code    74  sys_stackheap_outer.o(.text)
    exit                                     0x0800048d   Thumb Code    18  exit.o(.text)
    __user_libspace                          0x080004a1   Thumb Code     8  libspace.o(.text)
    __user_perproc_libspace                  0x080004a1   Thumb Code     0  libspace.o(.text)
    __user_perthread_libspace                0x080004a1   Thumb Code     0  libspace.o(.text)
    _sys_exit                                0x080004a9   Thumb Code     8  sys_exit.o(.text)
    __I$use$semihosting                      0x080004b5   Thumb Code     0  use_no_semi.o(.text)
    __use_no_semihosting_swi                 0x080004b5   Thumb Code     2  use_no_semi.o(.text)
    __semihosting_library_function           0x080004b7   Thumb Code     0  indicate_semi.o(.text)
    ADC_DMAConvCplt                          0x080004b9   Thumb Code   120  stm32g4xx_hal_adc.o(.text.ADC_DMAConvCplt)
    ADC_DMAError                             0x08000531   Thumb Code    22  stm32g4xx_hal_adc.o(.text.ADC_DMAError)
    ADC_DMAHalfConvCplt                      0x08000549   Thumb Code     6  stm32g4xx_hal_adc.o(.text.ADC_DMAHalfConvCplt)
    ADC_Enable                               0x08000551   Thumb Code   124  stm32g4xx_hal_adc.o(.text.ADC_Enable)
    DMA1_Channel1_IRQHandler                 0x080005cd   Thumb Code    48  stm32g4xx_it.o(.text.DMA1_Channel1_IRQHandler)
    Error_Handler                            0x080005fd   Thumb Code    10  main.o(.text.Error_Handler)
    HAL_ADCEx_MultiModeConfigChannel         0x08000609   Thumb Code   300  stm32g4xx_hal_adc_ex.o(.text.HAL_ADCEx_MultiModeConfigChannel)
    HAL_ADC_ConfigChannel                    0x08000735   Thumb Code  1028  stm32g4xx_hal_adc.o(.text.HAL_ADC_ConfigChannel)
    HAL_ADC_ConvCpltCallback                 0x08000b39   Thumb Code     2  stm32g4xx_hal_adc.o(.text.HAL_ADC_ConvCpltCallback)
    HAL_ADC_ConvHalfCpltCallback             0x08000b3d   Thumb Code     2  stm32g4xx_hal_adc.o(.text.HAL_ADC_ConvHalfCpltCallback)
    HAL_ADC_ErrorCallback                    0x08000b41   Thumb Code     2  stm32g4xx_hal_adc.o(.text.HAL_ADC_ErrorCallback)
    HAL_ADC_Init                             0x08000b45   Thumb Code   626  stm32g4xx_hal_adc.o(.text.HAL_ADC_Init)
    HAL_ADC_MspInit                          0x08000db9   Thumb Code   200  adc.o(.text.HAL_ADC_MspInit)
    HAL_ADC_Start_DMA                        0x08000e81   Thumb Code   304  stm32g4xx_hal_adc.o(.text.HAL_ADC_Start_DMA)
    HAL_DMA_Init                             0x08000fb1   Thumb Code   306  stm32g4xx_hal_dma.o(.text.HAL_DMA_Init)
    HAL_DMA_Start_IT                         0x080010e5   Thumb Code   222  stm32g4xx_hal_dma.o(.text.HAL_DMA_Start_IT)
    HAL_GPIO_Init                            0x080011c5   Thumb Code   456  stm32g4xx_hal_gpio.o(.text.HAL_GPIO_Init)
    HAL_GPIO_WritePin                        0x0800138d   Thumb Code    12  stm32g4xx_hal_gpio.o(.text.HAL_GPIO_WritePin)
    HAL_GetTick                              0x08001399   Thumb Code    12  stm32g4xx_hal.o(.text.HAL_GetTick)
    HAL_HRTIM_ADCPostScalerConfig            0x080013a5   Thumb Code   322  stm32g4xx_hal_hrtim.o(.text.HAL_HRTIM_ADCPostScalerConfig)
    HAL_HRTIM_ADCTriggerConfig               0x080014e9   Thumb Code   572  stm32g4xx_hal_hrtim.o(.text.HAL_HRTIM_ADCTriggerConfig)
    HAL_HRTIM_DLLCalibrationStart            0x08001725   Thumb Code    82  stm32g4xx_hal_hrtim.o(.text.HAL_HRTIM_DLLCalibrationStart)
    HAL_HRTIM_DeadTimeConfig                 0x08001779   Thumb Code   156  stm32g4xx_hal_hrtim.o(.text.HAL_HRTIM_DeadTimeConfig)
    HAL_HRTIM_Init                           0x08001815   Thumb Code   236  stm32g4xx_hal_hrtim.o(.text.HAL_HRTIM_Init)
    HAL_HRTIM_MspInit                        0x08001901   Thumb Code    68  hrtim.o(.text.HAL_HRTIM_MspInit)
    HAL_HRTIM_PollForDLLCalibration          0x08001945   Thumb Code   112  stm32g4xx_hal_hrtim.o(.text.HAL_HRTIM_PollForDLLCalibration)
    HAL_HRTIM_RollOverModeConfig             0x080019b5   Thumb Code    82  stm32g4xx_hal_hrtim.o(.text.HAL_HRTIM_RollOverModeConfig)
    HAL_HRTIM_TimeBaseConfig                 0x08001a09   Thumb Code   118  stm32g4xx_hal_hrtim.o(.text.HAL_HRTIM_TimeBaseConfig)
    HAL_HRTIM_WaveformCompareConfig          0x08001a81   Thumb Code   318  stm32g4xx_hal_hrtim.o(.text.HAL_HRTIM_WaveformCompareConfig)
    HAL_HRTIM_WaveformCountStart             0x08001bc1   Thumb Code    38  stm32g4xx_hal_hrtim.o(.text.HAL_HRTIM_WaveformCountStart)
    HAL_HRTIM_WaveformCountStart_IT          0x08001be9   Thumb Code   220  stm32g4xx_hal_hrtim.o(.text.HAL_HRTIM_WaveformCountStart_IT)
    HAL_HRTIM_WaveformOutputConfig           0x08001cc5   Thumb Code    58  stm32g4xx_hal_hrtim.o(.text.HAL_HRTIM_WaveformOutputConfig)
    HAL_HRTIM_WaveformOutputStart            0x08001d01   Thumb Code    42  stm32g4xx_hal_hrtim.o(.text.HAL_HRTIM_WaveformOutputStart)
    HAL_HRTIM_WaveformTimerConfig            0x08001d2d   Thumb Code   684  stm32g4xx_hal_hrtim.o(.text.HAL_HRTIM_WaveformTimerConfig)
    HAL_HRTIM_WaveformTimerControl           0x08001fd9   Thumb Code   168  stm32g4xx_hal_hrtim.o(.text.HAL_HRTIM_WaveformTimerControl)
    HAL_Init                                 0x08002081   Thumb Code    30  stm32g4xx_hal.o(.text.HAL_Init)
    HAL_InitTick                             0x080020a1   Thumb Code    76  stm32g4xx_hal.o(.text.HAL_InitTick)
    HAL_MspInit                              0x080020ed   Thumb Code   136  stm32g4xx_hal_msp.o(.text.HAL_MspInit)
    HAL_NVIC_EnableIRQ                       0x08002175   Thumb Code    32  stm32g4xx_hal_cortex.o(.text.HAL_NVIC_EnableIRQ)
    HAL_NVIC_SetPriority                     0x08002195   Thumb Code    92  stm32g4xx_hal_cortex.o(.text.HAL_NVIC_SetPriority)
    HAL_NVIC_SetPriorityGrouping             0x080021f1   Thumb Code    32  stm32g4xx_hal_cortex.o(.text.HAL_NVIC_SetPriorityGrouping)
    HAL_PWREx_ControlVoltageScaling          0x08002211   Thumb Code   298  stm32g4xx_hal_pwr_ex.o(.text.HAL_PWREx_ControlVoltageScaling)
    HAL_PWREx_DisableUCPDDeadBattery         0x0800233d   Thumb Code    18  stm32g4xx_hal_pwr_ex.o(.text.HAL_PWREx_DisableUCPDDeadBattery)
    HAL_RCCEx_PeriphCLKConfig                0x08002351   Thumb Code   790  stm32g4xx_hal_rcc_ex.o(.text.HAL_RCCEx_PeriphCLKConfig)
    HAL_RCC_ClockConfig                      0x08002669   Thumb Code   826  stm32g4xx_hal_rcc.o(.text.HAL_RCC_ClockConfig)
    HAL_RCC_GetPCLK1Freq                     0x080029a5   Thumb Code    42  stm32g4xx_hal_rcc.o(.text.HAL_RCC_GetPCLK1Freq)
    HAL_RCC_GetPCLK2Freq                     0x080029d1   Thumb Code    42  stm32g4xx_hal_rcc.o(.text.HAL_RCC_GetPCLK2Freq)
    HAL_RCC_GetSysClockFreq                  0x080029fd   Thumb Code   118  stm32g4xx_hal_rcc.o(.text.HAL_RCC_GetSysClockFreq)
    HAL_RCC_OscConfig                        0x08002a75   Thumb Code  1116  stm32g4xx_hal_rcc.o(.text.HAL_RCC_OscConfig)
    HAL_SYSTICK_Config                       0x08002ed1   Thumb Code    44  stm32g4xx_hal_cortex.o(.text.HAL_SYSTICK_Config)
    HAL_UARTEx_DisableFifoMode               0x08002efd   Thumb Code    56  stm32g4xx_hal_uart_ex.o(.text.HAL_UARTEx_DisableFifoMode)
    HAL_UARTEx_SetRxFifoThreshold            0x08002f35   Thumb Code   144  stm32g4xx_hal_uart_ex.o(.text.HAL_UARTEx_SetRxFifoThreshold)
    HAL_UARTEx_SetTxFifoThreshold            0x08002fc5   Thumb Code   144  stm32g4xx_hal_uart_ex.o(.text.HAL_UARTEx_SetTxFifoThreshold)
    HAL_UART_ErrorCallback                   0x08003055   Thumb Code     2  stm32g4xx_hal_uart.o(.text.HAL_UART_ErrorCallback)
    HAL_UART_Init                            0x08003059   Thumb Code   194  stm32g4xx_hal_uart.o(.text.HAL_UART_Init)
    HAL_UART_MspInit                         0x0800311d   Thumb Code   208  usart.o(.text.HAL_UART_MspInit)
    HAL_UART_Transmit_DMA                    0x080031ed   Thumb Code   248  stm32g4xx_hal_uart.o(.text.HAL_UART_Transmit_DMA)
    HAL_UART_TxCpltCallback                  0x080032e5   Thumb Code     2  stm32g4xx_hal_uart.o(.text.HAL_UART_TxCpltCallback)
    HAL_UART_TxHalfCpltCallback              0x080032e9   Thumb Code     2  stm32g4xx_hal_uart.o(.text.HAL_UART_TxHalfCpltCallback)
    HRTIM1_Master_IRQHandler                 0x080032ed   Thumb Code   584  stm32g4xx_it.o(.text.HRTIM1_Master_IRQHandler)
    MX_ADC1_Init                             0x0800362d   Thumb Code   254  adc.o(.text.MX_ADC1_Init)
    MX_DMA_Init                              0x0800372d   Thumb Code    70  dma.o(.text.MX_DMA_Init)
    MX_GPIO_Init                             0x08003775   Thumb Code   162  gpio.o(.text.MX_GPIO_Init)
    MX_HRTIM1_Init                           0x08003819   Thumb Code  1188  hrtim.o(.text.MX_HRTIM1_Init)
    MX_USART1_UART_Init                      0x08003cbd   Thumb Code   136  usart.o(.text.MX_USART1_UART_Init)
    SystemInit                               0x08003d45   Thumb Code    18  system_stm32g4xx.o(.text.SystemInit)
    UART_AdvFeatureConfig                    0x08003d59   Thumb Code   238  stm32g4xx_hal_uart.o(.text.UART_AdvFeatureConfig)
    UART_SetConfig                           0x080040ed   Thumb Code   712  stm32g4xx_hal_uart.o(.text.UART_SetConfig)
    UART_WaitOnFlagUntilTimeout              0x080043b5   Thumb Code   540  stm32g4xx_hal_uart.o(.text.UART_WaitOnFlagUntilTimeout)
    main                                     0x080045d1   Thumb Code   226  main.o(.text.main)
    _fp_init                                 0x080046b3   Thumb Code    26  fpinit.o(x$fpl$fpinit)
    __fplib_config_fpu_vfp                   0x080046cb   Thumb Code     0  fpinit.o(x$fpl$fpinit)
    __fplib_config_pureend_doubles           0x080046cb   Thumb Code     0  fpinit.o(x$fpl$fpinit)
    AHBPrescTable                            0x080046e8   Data          16  system_stm32g4xx.o(.rodata.AHBPrescTable)
    APBPrescTable                            0x080046f8   Data           8  system_stm32g4xx.o(.rodata.APBPrescTable)
    UARTPrescTable                           0x08004700   Data          24  stm32g4xx_hal_uart.o(.rodata.UARTPrescTable)
    Region$$Table$$Base                      0x08004728   Number         0  anon$$obj.o(Region$$Table)
    Region$$Table$$Limit                     0x08004748   Number         0  anon$$obj.o(Region$$Table)
    uwTickPrio                               0x20000000   Data           4  stm32g4xx_hal.o(.data..L_MergedGlobals)
    uwTickFreq                               0x20000004   Data           4  stm32g4xx_hal.o(.data..L_MergedGlobals)
    SINE_TABLE                               0x20000008   Data        4000  mos_table.o(.data.SINE_TABLE)
    SystemCoreClock                          0x20000fa8   Data           4  system_stm32g4xx.o(.data.SystemCoreClock)
    UART_FRAME                               0x20000fac   Data           8  stm32g4xx_it.o(.data.UART_FRAME)
    __libspace_start                         0x20000fb8   Data          96  libspace.o(.bss)
    __temporary_stack_top$libspace           0x20001018   Data           0  libspace.o(.bss)
    adc1_val_buf                             0x20001024   Data           6  main.o(.bss.adc1_val_buf)
    hadc1                                    0x2000102c   Data         108  adc.o(.bss.hadc1)
    hdma_adc1                                0x20001098   Data          96  adc.o(.bss.hdma_adc1)
    hdma_usart1_tx                           0x200010f8   Data          96  usart.o(.bss.hdma_usart1_tx)
    hhrtim1                                  0x20001158   Data         252  hrtim.o(.bss.hhrtim1)
    huart1                                   0x20001254   Data         144  usart.o(.bss.huart1)
    uwTick                                   0x200012e4   Data           4  stm32g4xx_hal.o(.bss.uwTick)



==============================================================================

Memory Map of the image

  Image Entry point : 0x080001d9

  Load Region LR_IROM1 (Base: 0x08000000, Size: 0x00005700, Max: 0x00080000, ABSOLUTE, COMPRESSED[0x00005420])

    Execution Region ER_IROM1 (Exec base: 0x08000000, Load base: 0x08000000, Size: 0x00004748, Max: 0x00080000, ABSOLUTE)

    Exec Addr    Load Addr    Size         Type   Attr      Idx    E Section Name        Object

    0x08000000   0x08000000   0x000001d8   Data   RO            3    RESET               startup_stm32g474xx.o
    0x080001d8   0x080001d8   0x00000008   Code   RO         1269  * !!!main             c_w.l(__main.o)
    0x080001e0   0x080001e0   0x00000034   Code   RO         1444    !!!scatter          c_w.l(__scatter.o)
    0x08000214   0x08000214   0x00000064   Code   RO         1442    !!dclz77c           c_w.l(__dclz77c.o)
    0x08000278   0x08000278   0x0000001c   Code   RO         1446    !!handler_zi        c_w.l(__scatter_zi.o)
    0x08000294   0x08000294   0x00000002   Code   RO         1306    .ARM.Collect$$libinit$$00000000  c_w.l(libinit.o)
    0x08000296   0x08000296   0x00000004   Code   RO         1318    .ARM.Collect$$libinit$$00000001  c_w.l(libinit2.o)
    0x0800029a   0x0800029a   0x00000000   Code   RO         1321    .ARM.Collect$$libinit$$00000004  c_w.l(libinit2.o)
    0x0800029a   0x0800029a   0x00000000   Code   RO         1324    .ARM.Collect$$libinit$$0000000A  c_w.l(libinit2.o)
    0x0800029a   0x0800029a   0x00000000   Code   RO         1326    .ARM.Collect$$libinit$$0000000C  c_w.l(libinit2.o)
    0x0800029a   0x0800029a   0x00000000   Code   RO         1328    .ARM.Collect$$libinit$$0000000E  c_w.l(libinit2.o)
    0x0800029a   0x0800029a   0x00000000   Code   RO         1331    .ARM.Collect$$libinit$$00000011  c_w.l(libinit2.o)
    0x0800029a   0x0800029a   0x00000000   Code   RO         1333    .ARM.Collect$$libinit$$00000013  c_w.l(libinit2.o)
    0x0800029a   0x0800029a   0x00000000   Code   RO         1335    .ARM.Collect$$libinit$$00000015  c_w.l(libinit2.o)
    0x0800029a   0x0800029a   0x00000000   Code   RO         1337    .ARM.Collect$$libinit$$00000017  c_w.l(libinit2.o)
    0x0800029a   0x0800029a   0x00000000   Code   RO         1339    .ARM.Collect$$libinit$$00000019  c_w.l(libinit2.o)
    0x0800029a   0x0800029a   0x00000000   Code   RO         1341    .ARM.Collect$$libinit$$0000001B  c_w.l(libinit2.o)
    0x0800029a   0x0800029a   0x00000000   Code   RO         1343    .ARM.Collect$$libinit$$0000001D  c_w.l(libinit2.o)
    0x0800029a   0x0800029a   0x00000000   Code   RO         1345    .ARM.Collect$$libinit$$0000001F  c_w.l(libinit2.o)
    0x0800029a   0x0800029a   0x00000000   Code   RO         1347    .ARM.Collect$$libinit$$00000021  c_w.l(libinit2.o)
    0x0800029a   0x0800029a   0x00000000   Code   RO         1349    .ARM.Collect$$libinit$$00000023  c_w.l(libinit2.o)
    0x0800029a   0x0800029a   0x00000000   Code   RO         1351    .ARM.Collect$$libinit$$00000025  c_w.l(libinit2.o)
    0x0800029a   0x0800029a   0x00000000   Code   RO         1355    .ARM.Collect$$libinit$$0000002C  c_w.l(libinit2.o)
    0x0800029a   0x0800029a   0x00000000   Code   RO         1357    .ARM.Collect$$libinit$$0000002E  c_w.l(libinit2.o)
    0x0800029a   0x0800029a   0x00000000   Code   RO         1359    .ARM.Collect$$libinit$$00000030  c_w.l(libinit2.o)
    0x0800029a   0x0800029a   0x00000000   Code   RO         1361    .ARM.Collect$$libinit$$00000032  c_w.l(libinit2.o)
    0x0800029a   0x0800029a   0x00000002   Code   RO         1362    .ARM.Collect$$libinit$$00000033  c_w.l(libinit2.o)
    0x0800029c   0x0800029c   0x00000002   Code   RO         1397    .ARM.Collect$$libshutdown$$00000000  c_w.l(libshutdown.o)
    0x0800029e   0x0800029e   0x00000000   Code   RO         1425    .ARM.Collect$$libshutdown$$00000002  c_w.l(libshutdown2.o)
    0x0800029e   0x0800029e   0x00000000   Code   RO         1427    .ARM.Collect$$libshutdown$$00000004  c_w.l(libshutdown2.o)
    0x0800029e   0x0800029e   0x00000000   Code   RO         1430    .ARM.Collect$$libshutdown$$00000007  c_w.l(libshutdown2.o)
    0x0800029e   0x0800029e   0x00000000   Code   RO         1433    .ARM.Collect$$libshutdown$$0000000A  c_w.l(libshutdown2.o)
    0x0800029e   0x0800029e   0x00000000   Code   RO         1435    .ARM.Collect$$libshutdown$$0000000C  c_w.l(libshutdown2.o)
    0x0800029e   0x0800029e   0x00000000   Code   RO         1438    .ARM.Collect$$libshutdown$$0000000F  c_w.l(libshutdown2.o)
    0x0800029e   0x0800029e   0x00000002   Code   RO         1439    .ARM.Collect$$libshutdown$$00000010  c_w.l(libshutdown2.o)
    0x080002a0   0x080002a0   0x00000000   Code   RO         1271    .ARM.Collect$$rtentry$$00000000  c_w.l(__rtentry.o)
    0x080002a0   0x080002a0   0x00000000   Code   RO         1277    .ARM.Collect$$rtentry$$00000002  c_w.l(__rtentry2.o)
    0x080002a0   0x080002a0   0x00000006   Code   RO         1289    .ARM.Collect$$rtentry$$00000004  c_w.l(__rtentry4.o)
    0x080002a6   0x080002a6   0x00000000   Code   RO         1279    .ARM.Collect$$rtentry$$00000009  c_w.l(__rtentry2.o)
    0x080002a6   0x080002a6   0x00000004   Code   RO         1280    .ARM.Collect$$rtentry$$0000000A  c_w.l(__rtentry2.o)
    0x080002aa   0x080002aa   0x00000000   Code   RO         1282    .ARM.Collect$$rtentry$$0000000C  c_w.l(__rtentry2.o)
    0x080002aa   0x080002aa   0x00000008   Code   RO         1283    .ARM.Collect$$rtentry$$0000000D  c_w.l(__rtentry2.o)
    0x080002b2   0x080002b2   0x00000002   Code   RO         1310    .ARM.Collect$$rtexit$$00000000  c_w.l(rtexit.o)
    0x080002b4   0x080002b4   0x00000000   Code   RO         1368    .ARM.Collect$$rtexit$$00000002  c_w.l(rtexit2.o)
    0x080002b4   0x080002b4   0x00000004   Code   RO         1369    .ARM.Collect$$rtexit$$00000003  c_w.l(rtexit2.o)
    0x080002b8   0x080002b8   0x00000006   Code   RO         1370    .ARM.Collect$$rtexit$$00000004  c_w.l(rtexit2.o)
    0x080002be   0x080002be   0x00000002   PAD
    0x080002c0   0x080002c0   0x00000040   Code   RO            4    .text               startup_stm32g474xx.o
    0x08000300   0x08000300   0x000000ee   Code   RO         1263    .text               c_w.l(lludivv7m.o)
    0x080003ee   0x080003ee   0x0000004e   Code   RO         1265    .text               c_w.l(rt_memclr_w.o)
    0x0800043c   0x0800043c   0x00000006   Code   RO         1267    .text               c_w.l(heapauxi.o)
    0x08000442   0x08000442   0x0000004a   Code   RO         1293    .text               c_w.l(sys_stackheap_outer.o)
    0x0800048c   0x0800048c   0x00000012   Code   RO         1295    .text               c_w.l(exit.o)
    0x0800049e   0x0800049e   0x00000002   PAD
    0x080004a0   0x080004a0   0x00000008   Code   RO         1307    .text               c_w.l(libspace.o)
    0x080004a8   0x080004a8   0x0000000c   Code   RO         1363    .text               c_w.l(sys_exit.o)
    0x080004b4   0x080004b4   0x00000002   Code   RO         1386    .text               c_w.l(use_no_semi.o)
    0x080004b6   0x080004b6   0x00000000   Code   RO         1388    .text               c_w.l(indicate_semi.o)
    0x080004b6   0x080004b6   0x00000002   PAD
    0x080004b8   0x080004b8   0x00000078   Code   RO          170    .text.ADC_DMAConvCplt  stm32g4xx_hal_adc.o
    0x08000530   0x08000530   0x00000016   Code   RO          174    .text.ADC_DMAError  stm32g4xx_hal_adc.o
    0x08000546   0x08000546   0x00000002   PAD
    0x08000548   0x08000548   0x00000006   Code   RO          172    .text.ADC_DMAHalfConvCplt  stm32g4xx_hal_adc.o
    0x0800054e   0x0800054e   0x00000002   PAD
    0x08000550   0x08000550   0x0000007c   Code   RO          156    .text.ADC_Enable    stm32g4xx_hal_adc.o
    0x080005cc   0x080005cc   0x00000030   Code   RO          102    .text.DMA1_Channel1_IRQHandler  stm32g4xx_it.o
    0x080005fc   0x080005fc   0x0000000a   Code   RO           15    .text.Error_Handler  main.o
    0x08000606   0x08000606   0x00000002   PAD
    0x08000608   0x08000608   0x0000012c   Code   RO          255    .text.HAL_ADCEx_MultiModeConfigChannel  stm32g4xx_hal_adc_ex.o
    0x08000734   0x08000734   0x00000404   Code   RO          194    .text.HAL_ADC_ConfigChannel  stm32g4xx_hal_adc.o
    0x08000b38   0x08000b38   0x00000002   Code   RO          186    .text.HAL_ADC_ConvCpltCallback  stm32g4xx_hal_adc.o
    0x08000b3a   0x08000b3a   0x00000002   PAD
    0x08000b3c   0x08000b3c   0x00000002   Code   RO          192    .text.HAL_ADC_ConvHalfCpltCallback  stm32g4xx_hal_adc.o
    0x08000b3e   0x08000b3e   0x00000002   PAD
    0x08000b40   0x08000b40   0x00000002   Code   RO          190    .text.HAL_ADC_ErrorCallback  stm32g4xx_hal_adc.o
    0x08000b42   0x08000b42   0x00000002   PAD
    0x08000b44   0x08000b44   0x00000272   Code   RO          142    .text.HAL_ADC_Init  stm32g4xx_hal_adc.o
    0x08000db6   0x08000db6   0x00000002   PAD
    0x08000db8   0x08000db8   0x000000c8   Code   RO           42    .text.HAL_ADC_MspInit  adc.o
    0x08000e80   0x08000e80   0x00000130   Code   RO          168    .text.HAL_ADC_Start_DMA  stm32g4xx_hal_adc.o
    0x08000fb0   0x08000fb0   0x00000132   Code   RO          570    .text.HAL_DMA_Init  stm32g4xx_hal_dma.o
    0x080010e2   0x080010e2   0x00000002   PAD
    0x080010e4   0x080010e4   0x000000de   Code   RO          576    .text.HAL_DMA_Start_IT  stm32g4xx_hal_dma.o
    0x080011c2   0x080011c2   0x00000002   PAD
    0x080011c4   0x080011c4   0x000001c8   Code   RO          518    .text.HAL_GPIO_Init  stm32g4xx_hal_gpio.o
    0x0800138c   0x0800138c   0x0000000c   Code   RO          524    .text.HAL_GPIO_WritePin  stm32g4xx_hal_gpio.o
    0x08001398   0x08001398   0x0000000c   Code   RO          287    .text.HAL_GetTick   stm32g4xx_hal.o
    0x080013a4   0x080013a4   0x00000142   Code   RO          907    .text.HAL_HRTIM_ADCPostScalerConfig  stm32g4xx_hal_hrtim.o
    0x080014e6   0x080014e6   0x00000002   PAD
    0x080014e8   0x080014e8   0x0000023c   Code   RO          905    .text.HAL_HRTIM_ADCTriggerConfig  stm32g4xx_hal_hrtim.o
    0x08001724   0x08001724   0x00000052   Code   RO          801    .text.HAL_HRTIM_DLLCalibrationStart  stm32g4xx_hal_hrtim.o
    0x08001776   0x08001776   0x00000002   PAD
    0x08001778   0x08001778   0x0000009c   Code   RO          927    .text.HAL_HRTIM_DeadTimeConfig  stm32g4xx_hal_hrtim.o
    0x08001814   0x08001814   0x000000ec   Code   RO          793    .text.HAL_HRTIM_Init  stm32g4xx_hal_hrtim.o
    0x08001900   0x08001900   0x00000044   Code   RO           71    .text.HAL_HRTIM_MspInit  hrtim.o
    0x08001944   0x08001944   0x00000070   Code   RO          805    .text.HAL_HRTIM_PollForDLLCalibration  stm32g4xx_hal_hrtim.o
    0x080019b4   0x080019b4   0x00000052   Code   RO          909    .text.HAL_HRTIM_RollOverModeConfig  stm32g4xx_hal_hrtim.o
    0x08001a06   0x08001a06   0x00000002   PAD
    0x08001a08   0x08001a08   0x00000076   Code   RO          807    .text.HAL_HRTIM_TimeBaseConfig  stm32g4xx_hal_hrtim.o
    0x08001a7e   0x08001a7e   0x00000002   PAD
    0x08001a80   0x08001a80   0x0000013e   Code   RO          933    .text.HAL_HRTIM_WaveformCompareConfig  stm32g4xx_hal_hrtim.o
    0x08001bbe   0x08001bbe   0x00000002   PAD
    0x08001bc0   0x08001bc0   0x00000026   Code   RO          945    .text.HAL_HRTIM_WaveformCountStart  stm32g4xx_hal_hrtim.o
    0x08001be6   0x08001be6   0x00000002   PAD
    0x08001be8   0x08001be8   0x000000dc   Code   RO          949    .text.HAL_HRTIM_WaveformCountStart_IT  stm32g4xx_hal_hrtim.o
    0x08001cc4   0x08001cc4   0x0000003a   Code   RO          937    .text.HAL_HRTIM_WaveformOutputConfig  stm32g4xx_hal_hrtim.o
    0x08001cfe   0x08001cfe   0x00000002   PAD
    0x08001d00   0x08001d00   0x0000002a   Code   RO          941    .text.HAL_HRTIM_WaveformOutputStart  stm32g4xx_hal_hrtim.o
    0x08001d2a   0x08001d2a   0x00000002   PAD
    0x08001d2c   0x08001d2c   0x000002ac   Code   RO          911    .text.HAL_HRTIM_WaveformTimerConfig  stm32g4xx_hal_hrtim.o
    0x08001fd8   0x08001fd8   0x000000a8   Code   RO          913    .text.HAL_HRTIM_WaveformTimerControl  stm32g4xx_hal_hrtim.o
    0x08002080   0x08002080   0x0000001e   Code   RO          275    .text.HAL_Init      stm32g4xx_hal.o
    0x0800209e   0x0800209e   0x00000002   PAD
    0x080020a0   0x080020a0   0x0000004c   Code   RO          277    .text.HAL_InitTick  stm32g4xx_hal.o
    0x080020ec   0x080020ec   0x00000088   Code   RO          117    .text.HAL_MspInit   stm32g4xx_hal_msp.o
    0x08002174   0x08002174   0x00000020   Code   RO          750    .text.HAL_NVIC_EnableIRQ  stm32g4xx_hal_cortex.o
    0x08002194   0x08002194   0x0000005c   Code   RO          748    .text.HAL_NVIC_SetPriority  stm32g4xx_hal_cortex.o
    0x080021f0   0x080021f0   0x00000020   Code   RO          746    .text.HAL_NVIC_SetPriorityGrouping  stm32g4xx_hal_cortex.o
    0x08002210   0x08002210   0x0000012a   Code   RO          665    .text.HAL_PWREx_ControlVoltageScaling  stm32g4xx_hal_pwr_ex.o
    0x0800233a   0x0800233a   0x00000002   PAD
    0x0800233c   0x0800233c   0x00000012   Code   RO          735    .text.HAL_PWREx_DisableUCPDDeadBattery  stm32g4xx_hal_pwr_ex.o
    0x0800234e   0x0800234e   0x00000002   PAD
    0x08002350   0x08002350   0x00000316   Code   RO          395    .text.HAL_RCCEx_PeriphCLKConfig  stm32g4xx_hal_rcc_ex.o
    0x08002666   0x08002666   0x00000002   PAD
    0x08002668   0x08002668   0x0000033a   Code   RO          360    .text.HAL_RCC_ClockConfig  stm32g4xx_hal_rcc.o
    0x080029a2   0x080029a2   0x00000002   PAD
    0x080029a4   0x080029a4   0x0000002a   Code   RO          368    .text.HAL_RCC_GetPCLK1Freq  stm32g4xx_hal_rcc.o
    0x080029ce   0x080029ce   0x00000002   PAD
    0x080029d0   0x080029d0   0x0000002a   Code   RO          370    .text.HAL_RCC_GetPCLK2Freq  stm32g4xx_hal_rcc.o
    0x080029fa   0x080029fa   0x00000002   PAD
    0x080029fc   0x080029fc   0x00000076   Code   RO          362    .text.HAL_RCC_GetSysClockFreq  stm32g4xx_hal_rcc.o
    0x08002a72   0x08002a72   0x00000002   PAD
    0x08002a74   0x08002a74   0x0000045c   Code   RO          358    .text.HAL_RCC_OscConfig  stm32g4xx_hal_rcc.o
    0x08002ed0   0x08002ed0   0x0000002c   Code   RO          758    .text.HAL_SYSTICK_Config  stm32g4xx_hal_cortex.o
    0x08002efc   0x08002efc   0x00000038   Code   RO         1230    .text.HAL_UARTEx_DisableFifoMode  stm32g4xx_hal_uart_ex.o
    0x08002f34   0x08002f34   0x00000090   Code   RO         1234    .text.HAL_UARTEx_SetRxFifoThreshold  stm32g4xx_hal_uart_ex.o
    0x08002fc4   0x08002fc4   0x00000090   Code   RO         1232    .text.HAL_UARTEx_SetTxFifoThreshold  stm32g4xx_hal_uart_ex.o
    0x08003054   0x08003054   0x00000002   Code   RO         1156    .text.HAL_UART_ErrorCallback  stm32g4xx_hal_uart.o
    0x08003056   0x08003056   0x00000002   PAD
    0x08003058   0x08003058   0x000000c2   Code   RO         1068    .text.HAL_UART_Init  stm32g4xx_hal_uart.o
    0x0800311a   0x0800311a   0x00000002   PAD
    0x0800311c   0x0800311c   0x000000d0   Code   RO           87    .text.HAL_UART_MspInit  usart.o
    0x080031ec   0x080031ec   0x000000f8   Code   RO         1108    .text.HAL_UART_Transmit_DMA  stm32g4xx_hal_uart.o
    0x080032e4   0x080032e4   0x00000002   Code   RO         1160    .text.HAL_UART_TxCpltCallback  stm32g4xx_hal_uart.o
    0x080032e6   0x080032e6   0x00000002   PAD
    0x080032e8   0x080032e8   0x00000002   Code   RO         1162    .text.HAL_UART_TxHalfCpltCallback  stm32g4xx_hal_uart.o
    0x080032ea   0x080032ea   0x00000002   PAD
    0x080032ec   0x080032ec   0x00000248   Code   RO          104    .text.HRTIM1_Master_IRQHandler  stm32g4xx_it.o
    0x08003534   0x08003534   0x000000f6   Code   RO          829    .text.HRTIM_OutputConfig  stm32g4xx_hal_hrtim.o
    0x0800362a   0x0800362a   0x00000002   PAD
    0x0800362c   0x0800362c   0x000000fe   Code   RO           40    .text.MX_ADC1_Init  adc.o
    0x0800372a   0x0800372a   0x00000002   PAD
    0x0800372c   0x0800372c   0x00000046   Code   RO           57    .text.MX_DMA_Init   dma.o
    0x08003772   0x08003772   0x00000002   PAD
    0x08003774   0x08003774   0x000000a2   Code   RO           29    .text.MX_GPIO_Init  gpio.o
    0x08003816   0x08003816   0x00000002   PAD
    0x08003818   0x08003818   0x000004a4   Code   RO           67    .text.MX_HRTIM1_Init  hrtim.o
    0x08003cbc   0x08003cbc   0x00000088   Code   RO           85    .text.MX_USART1_UART_Init  usart.o
    0x08003d44   0x08003d44   0x00000012   Code   RO          126    .text.SystemInit    system_stm32g4xx.o
    0x08003d56   0x08003d56   0x00000002   PAD
    0x08003d58   0x08003d58   0x000000ee   Code   RO         1074    .text.UART_AdvFeatureConfig  stm32g4xx_hal_uart.o
    0x08003e46   0x08003e46   0x00000002   PAD
    0x08003e48   0x08003e48   0x000001ea   Code   RO         1114    .text.UART_DMAError  stm32g4xx_hal_uart.o
    0x08004032   0x08004032   0x00000002   PAD
    0x08004034   0x08004034   0x000000b0   Code   RO         1110    .text.UART_DMATransmitCplt  stm32g4xx_hal_uart.o
    0x080040e4   0x080040e4   0x00000006   Code   RO         1112    .text.UART_DMATxHalfCplt  stm32g4xx_hal_uart.o
    0x080040ea   0x080040ea   0x00000002   PAD
    0x080040ec   0x080040ec   0x000002c8   Code   RO         1072    .text.UART_SetConfig  stm32g4xx_hal_uart.o
    0x080043b4   0x080043b4   0x0000021c   Code   RO         1090    .text.UART_WaitOnFlagUntilTimeout  stm32g4xx_hal_uart.o
    0x080045d0   0x080045d0   0x000000e2   Code   RO           11    .text.main          main.o
    0x080046b2   0x080046b2   0x0000001a   Code   RO         1380    x$fpl$fpinit        fz_wm.l(fpinit.o)
    0x080046cc   0x080046cc   0x0000001c   Data   RO         1056    .rodata..Lswitch.table.HAL_HRTIM_WaveformTimerControl  stm32g4xx_hal_hrtim.o
    0x080046e8   0x080046e8   0x00000010   Data   RO          131    .rodata.AHBPrescTable  system_stm32g4xx.o
    0x080046f8   0x080046f8   0x00000008   Data   RO          132    .rodata.APBPrescTable  system_stm32g4xx.o
    0x08004700   0x08004700   0x00000018   Data   RO         1202    .rodata.UARTPrescTable  stm32g4xx_hal_uart.o
    0x08004718   0x08004718   0x00000010   Data   RO         1242    .rodata.cst8        stm32g4xx_hal_uart_ex.o
    0x08004728   0x08004728   0x00000020   Data   RO         1441    Region$$Table       anon$$obj.o


    Execution Region RW_IRAM1 (Exec base: 0x20000000, Load base: 0x08004748, Size: 0x000018e8, Max: 0x00020000, ABSOLUTE, COMPRESSED[0x00000cd8])

    Exec Addr    Load Addr    Size         Type   Attr      Idx    E Section Name        Object

    0x20000000   COMPRESSED   0x00000008   Data   RW          346    .data..L_MergedGlobals  stm32g4xx_hal.o
    0x20000008   COMPRESSED   0x00000fa0   Data   RW         1252    .data.SINE_TABLE    mos_table.o
    0x20000fa8   COMPRESSED   0x00000004   Data   RW          130    .data.SystemCoreClock  system_stm32g4xx.o
    0x20000fac   COMPRESSED   0x00000008   Data   RW          106    .data.UART_FRAME    stm32g4xx_it.o
    0x20000fb4   COMPRESSED   0x00000004   PAD
    0x20000fb8        -       0x00000060   Zero   RW         1308    .bss                c_w.l(libspace.o)
    0x20001018        -       0x0000000c   Zero   RW          108    .bss..L_MergedGlobals  stm32g4xx_it.o
    0x20001024        -       0x00000006   Zero   RW           17    .bss.adc1_val_buf   main.o
    0x2000102a   COMPRESSED   0x00000002   PAD
    0x2000102c        -       0x0000006c   Zero   RW           46    .bss.hadc1          adc.o
    0x20001098        -       0x00000060   Zero   RW           47    .bss.hdma_adc1      adc.o
    0x200010f8        -       0x00000060   Zero   RW           92    .bss.hdma_usart1_tx  usart.o
    0x20001158        -       0x000000fc   Zero   RW           75    .bss.hhrtim1        hrtim.o
    0x20001254        -       0x00000090   Zero   RW           91    .bss.huart1         usart.o
    0x200012e4        -       0x00000004   Zero   RW          345    .bss.uwTick         stm32g4xx_hal.o
    0x200012e8        -       0x00000200   Zero   RW            2    HEAP                startup_stm32g474xx.o
    0x200014e8        -       0x00000400   Zero   RW            1    STACK               startup_stm32g474xx.o


==============================================================================

Image component sizes


      Code (inc. data)   RO Data    RW Data    ZI Data      Debug   Object Name

       454          0          0          0        204       7437   adc.o
        70          0          0          0          0       3917   dma.o
       162          0          0          0          0       2384   gpio.o
      1256          0          0          0        252      12645   hrtim.o
       236          0          0          0          6       2558   main.o
         0          0          0       4000          0        585   mos_table.o
        64         26        472          0       1536        824   startup_stm32g474xx.o
       118          0          0          8          4       9092   stm32g4xx_hal.o
      2236          0          0          0          0      26147   stm32g4xx_hal_adc.o
       300          0          0          0          0      23507   stm32g4xx_hal_adc_ex.o
       200          0          0          0          0      10255   stm32g4xx_hal_cortex.o
       528          0          0          0          0       8501   stm32g4xx_hal_dma.o
       468          0          0          0          0       5309   stm32g4xx_hal_gpio.o
      3454        296         28          0          0      63460   stm32g4xx_hal_hrtim.o
       136          0          0          0          0       3923   stm32g4xx_hal_msp.o
       316          0          0          0          0       8739   stm32g4xx_hal_pwr_ex.o
      2144          0          0          0          0       9804   stm32g4xx_hal_rcc.o
       790          0          0          0          0      10975   stm32g4xx_hal_rcc_ex.o
      2610         62         24          0          0      38506   stm32g4xx_hal_uart.o
       344          0         16          0          0      10652   stm32g4xx_hal_uart_ex.o
       632         44          0          8         12       1931   stm32g4xx_it.o
        18          0         24          4          0       2727   system_stm32g4xx.o
       344          0          0          0        240       6722   usart.o

    ----------------------------------------------------------------------
     16954        428        596       4020       2260     270600   Object Totals
         0          0         32          0          0          0   (incl. Generated)
        74          0          0          0          6          0   (incl. Padding)

    ----------------------------------------------------------------------

      Code (inc. data)   RO Data    RW Data    ZI Data      Debug   Library Member Name

       100          0          0          0          0          0   __dclz77c.o
         8          0          0          0          0         68   __main.o
         0          0          0          0          0          0   __rtentry.o
        12          0          0          0          0          0   __rtentry2.o
         6          0          0          0          0          0   __rtentry4.o
        52          8          0          0          0          0   __scatter.o
        28          0          0          0          0          0   __scatter_zi.o
        18          0          0          0          0         80   exit.o
         6          0          0          0          0        152   heapauxi.o
         0          0          0          0          0          0   indicate_semi.o
         2          0          0          0          0          0   libinit.o
         6          0          0          0          0          0   libinit2.o
         2          0          0          0          0          0   libshutdown.o
         2          0          0          0          0          0   libshutdown2.o
         8          4          0          0         96         68   libspace.o
       238          0          0          0          0        100   lludivv7m.o
        78          0          0          0          0         80   rt_memclr_w.o
         2          0          0          0          0          0   rtexit.o
        10          0          0          0          0          0   rtexit2.o
        12          4          0          0          0         68   sys_exit.o
        74          0          0          0          0         80   sys_stackheap_outer.o
         2          0          0          0          0         68   use_no_semi.o
        26          0          0          0          0        116   fpinit.o

    ----------------------------------------------------------------------
       698         16          0          0         96        880   Library Totals
         6          0          0          0          0          0   (incl. Padding)

    ----------------------------------------------------------------------

      Code (inc. data)   RO Data    RW Data    ZI Data      Debug   Library Name

       666         16          0          0         96        764   c_w.l
        26          0          0          0          0        116   fz_wm.l

    ----------------------------------------------------------------------
       698         16          0          0         96        880   Library Totals

    ----------------------------------------------------------------------

==============================================================================


      Code (inc. data)   RO Data    RW Data    ZI Data      Debug   

     17652        444        596       4020       2356     270900   Grand Totals
     17652        444        596       3288       2356     270900   ELF Image Totals (compressed)
     17652        444        596       3288          0          0   ROM Totals

==============================================================================

    Total RO  Size (Code + RO Data)                18248 (  17.82kB)
    Total RW  Size (RW Data + ZI Data)              6376 (   6.23kB)
    Total ROM Size (Code + RO Data + RW Data)      21536 (  21.03kB)

==============================================================================

